#
# There is insufficient memory for the Java Runtime Environment to continue.
# Native memory allocation (malloc) failed to allocate 1048576 bytes. Error detail: AllocateHeap
# Possible reasons:
#   The system is out of physical RAM or swap space
#   This process is running with CompressedOops enabled, and the Java Heap may be blocking the growth of the native heap
# Possible solutions:
#   Reduce memory load on the system
#   Increase physical memory or swap space
#   Check if swap backing store is full
#   Decrease Java heap size (-Xmx/-Xms)
#   Decrease number of Java threads
#   Decrease Java thread stack sizes (-Xss)
#   Set larger code cache with -XX:ReservedCodeCacheSize=
#   JVM is running with Unscaled Compressed Oops mode in which the Java heap is
#     placed in the first 4GB address space. The Java Heap base address is the
#     maximum limit for the native heap growth. Please use -XX:HeapBaseMinAddress
#     to set the Java Heap base and to place the Java Heap above 4GB virtual address.
# This output file may be truncated or incomplete.
#
#  Out of Memory Error (allocation.cpp:44), pid=17860, tid=14600
#
# JRE version: OpenJDK Runtime Environment Temurin-21.0.10+7 (21.0.10+7) (build 21.0.10+7-LTS)
# Java VM: OpenJDK 64-Bit Server VM Temurin-21.0.10+7 (21.0.10+7-LTS, mixed mode, sharing, tiered, compressed oops, compressed class ptrs, parallel gc, windows-amd64)
# No core dump will be written. Minidumps are not enabled by default on client versions of Windows
#

---------------  S U M M A R Y ------------

Command Line: --add-modules=ALL-SYSTEM --add-opens=java.base/java.util=ALL-UNNAMED --add-opens=java.base/java.lang=ALL-UNNAMED --add-opens=java.base/sun.nio.fs=ALL-UNNAMED -Declipse.application=org.eclipse.jdt.ls.core.id1 -Dosgi.bundles.defaultStartLevel=4 -Declipse.product=org.eclipse.jdt.ls.core.product -Djava.import.generatesMetadataFilesAtProjectRoot=false -DDetectVMInstallationsJob.disabled=true -Dfile.encoding=utf8 -XX:+UseParallelGC -XX:GCTimeRatio=4 -XX:AdaptiveSizePolicyWeight=90 -Dsun.zip.disableMemoryMapping=true -Xmx2G -Xms100m -Xlog:disable -javaagent:c:\Users\sheby\.vscode\extensions\redhat.java-1.54.0-win32-x64\lombok\lombok-1.18.39-4050.jar -XX:+HeapDumpOnOutOfMemoryError -XX:HeapDumpPath=c:\Users\sheby\AppData\Roaming\Code\User\workspaceStorage\807e66dc253d521f8b719599702dc12f\redhat.java -Daether.dependencyCollector.impl=bf c:\Users\sheby\.vscode\extensions\redhat.java-1.54.0-win32-x64\server\plugins\org.eclipse.equinox.launcher_1.7.100.v20251111-0406.jar -configuration c:\Users\sheby\AppData\Roaming\Code\User\globalStorage\redhat.java\1.54.0\config_win -data c:\Users\sheby\AppData\Roaming\Code\User\workspaceStorage\807e66dc253d521f8b719599702dc12f\redhat.java\jdt_ws --pipe=\\.\pipe\lsp-b2ebcac002f691e5313238f109517366-sock

Host: Intel(R) Core(TM) M-5Y71 CPU @ 1.20GHz, 4 cores, 7G,  Windows 11 , 64 bit Build 26100 (10.0.26100.8521)
Time: Sun Jun 21 13:44:17 2026 E. Africa Standard Time elapsed time: 7722.273417 seconds (0d 2h 8m 42s)

---------------  T H R E A D  ---------------

Current thread (0x000001af9b0d0e40):  JavaThread "Attach Listener" daemon [_thread_in_vm, id=14600, stack(0x0000004000000000,0x0000004000100000) (1024K)]

Stack: [0x0000004000000000,0x0000004000100000]
Native frames: (J=compiled Java code, j=interpreted, Vv=VM code, C=native code)
V  [jvm.dll+0x6d7a39]
V  [jvm.dll+0x8b4b26]
V  [jvm.dll+0x8b70de]
V  [jvm.dll+0x8b77c3]
V  [jvm.dll+0x284346]
V  [jvm.dll+0xc1277]
V  [jvm.dll+0x6d82e9]
V  [jvm.dll+0x1334a6]
V  [jvm.dll+0x3f857e]
V  [jvm.dll+0x85f59d]
V  [jvm.dll+0x6d626d]
C  [ucrtbase.dll+0x2cd30]
C  [KERNEL32.DLL+0x2e957]
C  [ntdll.dll+0x87c1c]


---------------  P R O C E S S  ---------------

Threads class SMR info:
_java_thread_list=0x000001affc542560, length=30, elements={
0x000001af9b1de950, 0x000001af9b29adc0, 0x000001af9b29e150, 0x000001af9b0d01e0,
0x000001af9b0d0e40, 0x000001af9b0d38b0, 0x000001af9b0d4310, 0x000001af9b0d50a0,
0x000001af9b150c60, 0x000001aff38930d0, 0x000001aff3904f80, 0x000001aff867a8c0,
0x000001aff379cd20, 0x000001aff847d080, 0x000001aff3791cb0, 0x000001aff89e3250,
0x000001aff804f960, 0x000001aff85d7be0, 0x000001aff8c4a970, 0x000001aff8c474f0,
0x000001aff8c495c0, 0x000001aff8c488a0, 0x000001aff8c4a2e0, 0x000001aff89787e0,
0x000001aff8978150, 0x000001aff8978e70, 0x000001aff89759f0, 0x000001aff8977ac0,
0x000001aff8976080, 0x000001aff8979500
}

Java Threads: ( => current thread )
  0x000001af9b1de950 JavaThread "main"                              [_thread_blocked, id=13852, stack(0x000000407f900000,0x000000407fa00000) (1024K)]
  0x000001af9b29adc0 JavaThread "Reference Handler"          daemon [_thread_blocked, id=11908, stack(0x000000407fd00000,0x000000407fe00000) (1024K)]
  0x000001af9b29e150 JavaThread "Finalizer"                  daemon [_thread_blocked, id=15392, stack(0x000000407fe00000,0x000000407ff00000) (1024K)]
  0x000001af9b0d01e0 JavaThread "Signal Dispatcher"          daemon [_thread_blocked, id=8728, stack(0x000000407ff00000,0x0000004080000000) (1024K)]
=>0x000001af9b0d0e40 JavaThread "Attach Listener"            daemon [_thread_in_vm, id=14600, stack(0x0000004000000000,0x0000004000100000) (1024K)]
  0x000001af9b0d38b0 JavaThread "Service Thread"             daemon [_thread_blocked, id=3572, stack(0x0000004000100000,0x0000004000200000) (1024K)]
  0x000001af9b0d4310 JavaThread "Monitor Deflation Thread"   daemon [_thread_blocked, id=10828, stack(0x0000004000200000,0x0000004000300000) (1024K)]
  0x000001af9b0d50a0 JavaThread "C2 CompilerThread0"         daemon [_thread_blocked, id=7592, stack(0x0000004000300000,0x0000004000400000) (1024K)]
  0x000001af9b150c60 JavaThread "C1 CompilerThread0"         daemon [_thread_blocked, id=11480, stack(0x0000004000400000,0x0000004000500000) (1024K)]
  0x000001aff38930d0 JavaThread "Common-Cleaner"             daemon [_thread_blocked, id=11420, stack(0x0000004000500000,0x0000004000600000) (1024K)]
  0x000001aff3904f80 JavaThread "Notification Thread"        daemon [_thread_blocked, id=16664, stack(0x0000004000600000,0x0000004000700000) (1024K)]
  0x000001aff867a8c0 JavaThread "Active Thread: Equinox Container: deca5291-07ad-4aef-8d94-ded0dcadce73"        [_thread_blocked, id=15848, stack(0x0000004000a00000,0x0000004000b00000) (1024K)]
  0x000001aff379cd20 JavaThread "Refresh Thread: Equinox Container: deca5291-07ad-4aef-8d94-ded0dcadce73" daemon [_thread_blocked, id=12312, stack(0x0000004000b00000,0x0000004000c00000) (1024K)]
  0x000001aff847d080 JavaThread "Framework Event Dispatcher: Equinox Container: deca5291-07ad-4aef-8d94-ded0dcadce73" daemon [_thread_blocked, id=13492, stack(0x0000004000c00000,0x0000004000d00000) (1024K)]
  0x000001aff3791cb0 JavaThread "Start Level: Equinox Container: deca5291-07ad-4aef-8d94-ded0dcadce73" daemon [_thread_blocked, id=4512, stack(0x0000004000e00000,0x0000004000f00000) (1024K)]
  0x000001aff89e3250 JavaThread "Bundle File Closer"         daemon [_thread_blocked, id=14708, stack(0x0000004001000000,0x0000004001100000) (1024K)]
  0x000001aff804f960 JavaThread "SCR Component Actor"        daemon [_thread_blocked, id=2540, stack(0x0000004000f00000,0x0000004001000000) (1024K)]
  0x000001aff85d7be0 JavaThread "Worker-JM"                         [_thread_blocked, id=17952, stack(0x0000004000d00000,0x0000004000e00000) (1024K)]
  0x000001aff8c4a970 JavaThread "JNA Cleaner"                daemon [_thread_blocked, id=15248, stack(0x0000004001200000,0x0000004001300000) (1024K)]
  0x000001aff8c474f0 JavaThread "Worker-0"                          [_thread_blocked, id=13868, stack(0x0000004001300000,0x0000004001400000) (1024K)]
  0x000001aff8c495c0 JavaThread "Worker-1"                          [_thread_blocked, id=15868, stack(0x0000004001400000,0x0000004001500000) (1024K)]
  0x000001aff8c488a0 JavaThread "Java indexing"              daemon [_thread_blocked, id=10076, stack(0x0000004001700000,0x0000004001800000) (1024K)]
  0x000001aff8c4a2e0 JavaThread "Thread-1"                   daemon [_thread_in_native, id=14684, stack(0x0000004001d00000,0x0000004001e00000) (1024K)]
  0x000001aff89787e0 JavaThread "Thread-2"                   daemon [_thread_in_native, id=5828, stack(0x0000004001e00000,0x0000004001f00000) (1024K)]
  0x000001aff8978150 JavaThread "Thread-3"                   daemon [_thread_in_native, id=10872, stack(0x0000004001f00000,0x0000004002000000) (1024K)]
  0x000001aff8978e70 JavaThread "Thread-4"                   daemon [_thread_in_native, id=15952, stack(0x0000004002000000,0x0000004002100000) (1024K)]
  0x000001aff89759f0 JavaThread "Thread-5"                   daemon [_thread_in_native, id=13284, stack(0x0000004002100000,0x0000004002200000) (1024K)]
  0x000001aff8977ac0 JavaThread "pool-2-thread-1"                   [_thread_blocked, id=16436, stack(0x0000004002200000,0x0000004002300000) (1024K)]
  0x000001aff8976080 JavaThread "WorkspaceEventsHandler"            [_thread_blocked, id=5056, stack(0x0000004002300000,0x0000004002400000) (1024K)]
  0x000001aff8979500 JavaThread "pool-1-thread-1"                   [_thread_blocked, id=796, stack(0x0000004002400000,0x0000004002500000) (1024K)]
Total: 30

Other Threads:
  0x000001af9b0ce800 VMThread "VM Thread"                           [id=11804, stack(0x000000407fc00000,0x000000407fd00000) (1024K)]
  0x000001af9b06ca00 WatcherThread "VM Periodic Task Thread"        [id=16148, stack(0x000000407fb00000,0x000000407fc00000) (1024K)]
  0x000001af9b1fc080 WorkerThread "GC Thread#0"                     [id=15024, stack(0x000000407fa00000,0x000000407fb00000) (1024K)]
  0x000001aff8694920 WorkerThread "GC Thread#1"                     [id=3772, stack(0x0000004000700000,0x0000004000800000) (1024K)]
  0x000001aff8694cd0 WorkerThread "GC Thread#2"                     [id=816, stack(0x0000004000800000,0x0000004000900000) (1024K)]
  0x000001aff3a2a090 WorkerThread "GC Thread#3"                     [id=2688, stack(0x0000004000900000,0x0000004000a00000) (1024K)]
Total: 6

Threads with active compile tasks:
Total: 0

VM state: not at safepoint (normal execution)

VM Mutex/Monitor currently owned by a thread: None

Heap address: 0x0000000080000000, size: 2048 MB, Compressed Oops mode: 32-bit

CDS archive(s) mapped at: [0x000001afb2000000-0x000001afb2ba0000-0x000001afb2ba0000), size 12189696, SharedBaseAddress: 0x000001afb2000000, ArchiveRelocationMode: 1.
Compressed class space mapped at: 0x000001afb3000000-0x000001aff3000000, reserved size: 1073741824
Narrow klass base: 0x000001afb2000000, Narrow klass shift: 0, Narrow klass range: 0x100000000

GC Precious Log:
 CardTable entry size: 512
 CPUs: 4 total, 4 available
 Memory: 8099M
 Large Page Support: Disabled
 NUMA Support: Disabled
 Compressed Oops: Enabled (32-bit)
 Alignments: Space 512K, Generation 512K, Heap 2M
 Heap Min Capacity: 100M
 Heap Initial Capacity: 100M
 Heap Max Capacity: 2G
 Pre-touch: Disabled
 Parallel Workers: 4

Heap:
 PSYoungGen      total 14848K, used 3490K [0x00000000d5580000, 0x00000000d6580000, 0x0000000100000000)
  eden space 13824K, 19% used [0x00000000d5580000,0x00000000d58289b8,0x00000000d6300000)
  from space 1024K, 75% used [0x00000000d6480000,0x00000000d6540000,0x00000000d6580000)
  to   space 1024K, 0% used [0x00000000d6380000,0x00000000d6380000,0x00000000d6480000)
 ParOldGen       total 74752K, used 56080K [0x0000000080000000, 0x0000000084900000, 0x00000000d5580000)
  object space 74752K, 75% used [0x0000000080000000,0x00000000836c41b8,0x0000000084900000)
 Metaspace       used 63356K, committed 64768K, reserved 1114112K
  class space    used 6784K, committed 7360K, reserved 1048576K

Card table byte_map: [0x000001af9ab80000,0x000001af9af90000] _byte_map_base: 0x000001af9a780000

Marking Bits: (ParMarkBitMap*) 0x00007ffed0183450
 Begin Bits: [0x000001afad690000, 0x000001afaf690000)
 End Bits:   [0x000001afaf690000, 0x000001afb1690000)

Polling page: 0x000001af98e60000

Metaspace:

Usage:
  Non-class:     55.25 MB used.
      Class:      6.63 MB used.
       Both:     61.87 MB used.

Virtual space:
  Non-class space:       64.00 MB reserved,      56.06 MB ( 88%) committed,  1 nodes.
      Class space:        1.00 GB reserved,       7.19 MB ( <1%) committed,  1 nodes.
             Both:        1.06 GB reserved,      63.25 MB (  6%) committed. 

Chunk freelists:
   Non-Class:  7.78 MB
       Class:  8.67 MB
        Both:  16.45 MB

MaxMetaspaceSize: unlimited
CompressedClassSpaceSize: 1.00 GB
Initial GC threshold: 21.00 MB
Current GC threshold: 97.31 MB
CDS: on
 - commit_granule_bytes: 65536.
 - commit_granule_words: 8192.
 - virtual_space_node_default_size: 8388608.
 - enlarge_chunks_in_place: 1.
 - use_allocation_guard: 0.


Internal statistics:

num_allocs_failed_limit: 9.
num_arena_births: 1150.
num_arena_deaths: 16.
num_vsnodes_births: 2.
num_vsnodes_deaths: 0.
num_space_committed: 1012.
num_space_uncommitted: 0.
num_chunks_returned_to_freelist: 25.
num_chunks_taken_from_freelist: 4029.
num_chunk_merges: 15.
num_chunk_splits: 2429.
num_chunks_enlarged: 1325.
num_inconsistent_stats: 0.

CodeHeap 'non-profiled nmethods': size=120000Kb used=6816Kb max_used=6816Kb free=113183Kb
 bounds [0x000001afa5eb0000, 0x000001afa6560000, 0x000001afad3e0000]
CodeHeap 'profiled nmethods': size=120000Kb used=21929Kb max_used=21929Kb free=98070Kb
 bounds [0x000001af9e3e0000, 0x000001af9f950000, 0x000001afa5910000]
CodeHeap 'non-nmethods': size=5760Kb used=1433Kb max_used=1486Kb free=4326Kb
 bounds [0x000001afa5910000, 0x000001afa5b80000, 0x000001afa5eb0000]
CodeCache: size=245760Kb, used=30178Kb, max_used=30231Kb, free=215579Kb
 total_blobs=10587, nmethods=9843, adapters=650, full_count=0
Compilation: enabled, stopped_count=0, restarted_count=0

Compilation events (20 events):
Event: 7073.215 Thread 0x000001af9b150c60 10688       3       jdk.internal.logger.DefaultLoggerFinder$1::run (5 bytes)
Event: 7073.229 Thread 0x000001af9b150c60 nmethod 10688 0x000001af9f946910 code [0x000001af9f946b20, 0x000001af9f9471a0]
Event: 7073.229 Thread 0x000001af9b150c60 10689       3       jdk.internal.logger.DefaultLoggerFinder$1::run (14 bytes)
Event: 7073.232 Thread 0x000001af9b150c60 nmethod 10689 0x000001af9f947410 code [0x000001af9f947620, 0x000001af9f947c28]
Event: 7317.909 Thread 0x000001af9b150c60 10690       3       java.util.logging.Logger::getLogger (8 bytes)
Event: 7317.915 Thread 0x000001af9b150c60 nmethod 10690 0x000001af9f947e90 code [0x000001af9f948060, 0x000001af9f948220]
Event: 7318.040 Thread 0x000001af9b150c60 10691       3       java.util.logging.LogManager::demandLogger (23 bytes)
Event: 7318.056 Thread 0x000001af9b150c60 nmethod 10691 0x000001af9f948310 code [0x000001af9f9484c0, 0x000001af9f948688]
Event: 7318.057 Thread 0x000001af9b150c60 10692       3       java.util.logging.LogManager::demandLogger (53 bytes)
Event: 7318.072 Thread 0x000001af9b150c60 nmethod 10692 0x000001af9f948790 code [0x000001af9f9489c0, 0x000001af9f949018]
Event: 7318.074 Thread 0x000001af9b150c60 10693       3       java.util.logging.LogManager::getLogger (9 bytes)
Event: 7318.076 Thread 0x000001af9b150c60 nmethod 10693 0x000001af9f949290 code [0x000001af9f949440, 0x000001af9f949650]
Event: 7378.174 Thread 0x000001af9b150c60 10695       3       java.lang.ref.ReferenceQueue::remove0 (64 bytes)
Event: 7378.187 Thread 0x000001af9b150c60 nmethod 10695 0x000001af9f949790 code [0x000001af9f9499a0, 0x000001af9f949e20]
Event: 7430.481 Thread 0x000001af9b150c60 10696       3       org.eclipse.osgi.storage.Storage::isReadOnly (10 bytes)
Event: 7430.503 Thread 0x000001af9b150c60 nmethod 10696 0x000001af9f949f90 code [0x000001af9f94a140, 0x000001af9f94a2c0]
Event: 7435.238 Thread 0x000001af9b0d50a0 10697       4       java.util.concurrent.locks.LockSupport::setBlocker (12 bytes)
Event: 7435.262 Thread 0x000001af9b0d50a0 nmethod 10697 0x000001afa6557f90 code [0x000001afa6558100, 0x000001afa6558188]
Event: 7701.933 Thread 0x000001af9b150c60 10699   !   3       org.eclipse.osgi.storage.Storage::save (62 bytes)
Event: 7702.029 Thread 0x000001af9b150c60 nmethod 10699 0x000001af9f94a390 code [0x000001af9f94a580, 0x000001af9f94a8f0]

GC Heap History (20 events):
Event: 278.023 GC heap before
{Heap before GC invocations=68 (full 2):
 PSYoungGen      total 14336K, used 14336K [0x00000000d5580000, 0x00000000d6580000, 0x0000000100000000)
  eden space 13824K, 100% used [0x00000000d5580000,0x00000000d6300000,0x00000000d6300000)
  from space 512K, 100% used [0x00000000d6300000,0x00000000d6380000,0x00000000d6380000)
  to   space 1024K, 0% used [0x00000000d6480000,0x00000000d6480000,0x00000000d6580000)
 ParOldGen       total 73728K, used 73439K [0x0000000080000000, 0x0000000084800000, 0x00000000d5580000)
  object space 73728K, 99% used [0x0000000080000000,0x00000000847b7e00,0x0000000084800000)
 Metaspace       used 57058K, committed 58368K, reserved 1114112K
  class space    used 6121K, committed 6656K, reserved 1048576K
}
Event: 278.025 GC heap after
{Heap after GC invocations=68 (full 2):
 PSYoungGen      total 14336K, used 454K [0x00000000d5580000, 0x00000000d6500000, 0x0000000100000000)
  eden space 13824K, 0% used [0x00000000d5580000,0x00000000d5580000,0x00000000d6300000)
  from space 512K, 88% used [0x00000000d6480000,0x00000000d64f1aa8,0x00000000d6500000)
  to   space 1024K, 0% used [0x00000000d6300000,0x00000000d6300000,0x00000000d6400000)
 ParOldGen       total 74240K, used 73884K [0x0000000080000000, 0x0000000084880000, 0x00000000d5580000)
  object space 74240K, 99% used [0x0000000080000000,0x0000000084827158,0x0000000084880000)
 Metaspace       used 57058K, committed 58368K, reserved 1114112K
  class space    used 6121K, committed 6656K, reserved 1048576K
}
Event: 278.455 GC heap before
{Heap before GC invocations=69 (full 2):
 PSYoungGen      total 14336K, used 14278K [0x00000000d5580000, 0x00000000d6500000, 0x0000000100000000)
  eden space 13824K, 100% used [0x00000000d5580000,0x00000000d6300000,0x00000000d6300000)
  from space 512K, 88% used [0x00000000d6480000,0x00000000d64f1aa8,0x00000000d6500000)
  to   space 1024K, 0% used [0x00000000d6300000,0x00000000d6300000,0x00000000d6400000)
 ParOldGen       total 74240K, used 73884K [0x0000000080000000, 0x0000000084880000, 0x00000000d5580000)
  object space 74240K, 99% used [0x0000000080000000,0x0000000084827158,0x0000000084880000)
 Metaspace       used 57285K, committed 58624K, reserved 1114112K
  class space    used 6151K, committed 6720K, reserved 1048576K
}
Event: 278.458 GC heap after
{Heap after GC invocations=69 (full 2):
 PSYoungGen      total 14848K, used 645K [0x00000000d5580000, 0x00000000d6500000, 0x0000000100000000)
  eden space 13824K, 0% used [0x00000000d5580000,0x00000000d5580000,0x00000000d6300000)
  from space 1024K, 63% used [0x00000000d6300000,0x00000000d63a1480,0x00000000d6400000)
  to   space 1024K, 0% used [0x00000000d6400000,0x00000000d6400000,0x00000000d6500000)
 ParOldGen       total 74240K, used 74108K [0x0000000080000000, 0x0000000084880000, 0x00000000d5580000)
  object space 74240K, 99% used [0x0000000080000000,0x000000008485f158,0x0000000084880000)
 Metaspace       used 57285K, committed 58624K, reserved 1114112K
  class space    used 6151K, committed 6720K, reserved 1048576K
}
Event: 278.836 GC heap before
{Heap before GC invocations=70 (full 2):
 PSYoungGen      total 14848K, used 10235K [0x00000000d5580000, 0x00000000d6500000, 0x0000000100000000)
  eden space 13824K, 69% used [0x00000000d5580000,0x00000000d5edd8a8,0x00000000d6300000)
  from space 1024K, 63% used [0x00000000d6300000,0x00000000d63a1480,0x00000000d6400000)
  to   space 1024K, 0% used [0x00000000d6400000,0x00000000d6400000,0x00000000d6500000)
 ParOldGen       total 74240K, used 74108K [0x0000000080000000, 0x0000000084880000, 0x00000000d5580000)
  object space 74240K, 99% used [0x0000000080000000,0x000000008485f158,0x0000000084880000)
 Metaspace       used 58438K, committed 59776K, reserved 1114112K
  class space    used 6298K, committed 6848K, reserved 1048576K
}
Event: 278.838 GC heap after
{Heap after GC invocations=70 (full 2):
 PSYoungGen      total 14848K, used 568K [0x00000000d5580000, 0x00000000d6500000, 0x0000000100000000)
  eden space 13824K, 0% used [0x00000000d5580000,0x00000000d5580000,0x00000000d6300000)
  from space 1024K, 55% used [0x00000000d6400000,0x00000000d648e2e8,0x00000000d6500000)
  to   space 1024K, 0% used [0x00000000d6300000,0x00000000d6300000,0x00000000d6400000)
 ParOldGen       total 74752K, used 74356K [0x0000000080000000, 0x0000000084900000, 0x00000000d5580000)
  object space 74752K, 99% used [0x0000000080000000,0x000000008489d158,0x0000000084900000)
 Metaspace       used 58438K, committed 59776K, reserved 1114112K
  class space    used 6298K, committed 6848K, reserved 1048576K
}
Event: 278.838 GC heap before
{Heap before GC invocations=71 (full 3):
 PSYoungGen      total 14848K, used 568K [0x00000000d5580000, 0x00000000d6500000, 0x0000000100000000)
  eden space 13824K, 0% used [0x00000000d5580000,0x00000000d5580000,0x00000000d6300000)
  from space 1024K, 55% used [0x00000000d6400000,0x00000000d648e2e8,0x00000000d6500000)
  to   space 1024K, 0% used [0x00000000d6300000,0x00000000d6300000,0x00000000d6400000)
 ParOldGen       total 74752K, used 74356K [0x0000000080000000, 0x0000000084900000, 0x00000000d5580000)
  object space 74752K, 99% used [0x0000000080000000,0x000000008489d158,0x0000000084900000)
 Metaspace       used 58438K, committed 59776K, reserved 1114112K
  class space    used 6298K, committed 6848K, reserved 1048576K
}
Event: 279.171 GC heap after
{Heap after GC invocations=71 (full 3):
 PSYoungGen      total 14848K, used 0K [0x00000000d5580000, 0x00000000d6500000, 0x0000000100000000)
  eden space 13824K, 0% used [0x00000000d5580000,0x00000000d5580000,0x00000000d6300000)
  from space 1024K, 0% used [0x00000000d6400000,0x00000000d6400000,0x00000000d6500000)
  to   space 1024K, 0% used [0x00000000d6300000,0x00000000d6300000,0x00000000d6400000)
 ParOldGen       total 74752K, used 53887K [0x0000000080000000, 0x0000000084900000, 0x00000000d5580000)
  object space 74752K, 72% used [0x0000000080000000,0x000000008349fe38,0x0000000084900000)
 Metaspace       used 58437K, committed 59776K, reserved 1114112K
  class space    used 6297K, committed 6848K, reserved 1048576K
}
Event: 279.832 GC heap before
{Heap before GC invocations=72 (full 3):
 PSYoungGen      total 14848K, used 13824K [0x00000000d5580000, 0x00000000d6500000, 0x0000000100000000)
  eden space 13824K, 100% used [0x00000000d5580000,0x00000000d6300000,0x00000000d6300000)
  from space 1024K, 0% used [0x00000000d6400000,0x00000000d6400000,0x00000000d6500000)
  to   space 1024K, 0% used [0x00000000d6300000,0x00000000d6300000,0x00000000d6400000)
 ParOldGen       total 74752K, used 53887K [0x0000000080000000, 0x0000000084900000, 0x00000000d5580000)
  object space 74752K, 72% used [0x0000000080000000,0x000000008349fe38,0x0000000084900000)
 Metaspace       used 59424K, committed 60736K, reserved 1114112K
  class space    used 6414K, committed 6976K, reserved 1048576K
}
Event: 279.835 GC heap after
{Heap after GC invocations=72 (full 3):
 PSYoungGen      total 14848K, used 224K [0x00000000d5580000, 0x00000000d6480000, 0x0000000100000000)
  eden space 13824K, 0% used [0x00000000d5580000,0x00000000d5580000,0x00000000d6300000)
  from space 1024K, 21% used [0x00000000d6300000,0x00000000d6338000,0x00000000d6400000)
  to   space 512K, 0% used [0x00000000d6400000,0x00000000d6400000,0x00000000d6480000)
 ParOldGen       total 74752K, used 53895K [0x0000000080000000, 0x0000000084900000, 0x00000000d5580000)
  object space 74752K, 72% used [0x0000000080000000,0x00000000834a1e38,0x0000000084900000)
 Metaspace       used 59424K, committed 60736K, reserved 1114112K
  class space    used 6414K, committed 6976K, reserved 1048576K
}
Event: 280.449 GC heap before
{Heap before GC invocations=73 (full 3):
 PSYoungGen      total 14848K, used 14048K [0x00000000d5580000, 0x00000000d6480000, 0x0000000100000000)
  eden space 13824K, 100% used [0x00000000d5580000,0x00000000d6300000,0x00000000d6300000)
  from space 1024K, 21% used [0x00000000d6300000,0x00000000d6338000,0x00000000d6400000)
  to   space 512K, 0% used [0x00000000d6400000,0x00000000d6400000,0x00000000d6480000)
 ParOldGen       total 74752K, used 53895K [0x0000000080000000, 0x0000000084900000, 0x00000000d5580000)
  object space 74752K, 72% used [0x0000000080000000,0x00000000834a1e38,0x0000000084900000)
 Metaspace       used 60228K, committed 61632K, reserved 1114112K
  class space    used 6490K, committed 7104K, reserved 1048576K
}
Event: 280.451 GC heap after
{Heap after GC invocations=73 (full 3):
 PSYoungGen      total 14336K, used 288K [0x00000000d5580000, 0x00000000d6480000, 0x0000000100000000)
  eden space 13824K, 0% used [0x00000000d5580000,0x00000000d5580000,0x00000000d6300000)
  from space 512K, 56% used [0x00000000d6400000,0x00000000d6448010,0x00000000d6480000)
  to   space 512K, 0% used [0x00000000d6380000,0x00000000d6380000,0x00000000d6400000)
 ParOldGen       total 74752K, used 54071K [0x0000000080000000, 0x0000000084900000, 0x00000000d5580000)
  object space 74752K, 72% used [0x0000000080000000,0x00000000834cde38,0x0000000084900000)
 Metaspace       used 60228K, committed 61632K, reserved 1114112K
  class space    used 6490K, committed 7104K, reserved 1048576K
}
Event: 280.677 GC heap before
{Heap before GC invocations=74 (full 3):
 PSYoungGen      total 14336K, used 14112K [0x00000000d5580000, 0x00000000d6480000, 0x0000000100000000)
  eden space 13824K, 100% used [0x00000000d5580000,0x00000000d6300000,0x00000000d6300000)
  from space 512K, 56% used [0x00000000d6400000,0x00000000d6448010,0x00000000d6480000)
  to   space 512K, 0% used [0x00000000d6380000,0x00000000d6380000,0x00000000d6400000)
 ParOldGen       total 74752K, used 54071K [0x0000000080000000, 0x0000000084900000, 0x00000000d5580000)
  object space 74752K, 72% used [0x0000000080000000,0x00000000834cde38,0x0000000084900000)
 Metaspace       used 61007K, committed 62336K, reserved 1114112K
  class space    used 6552K, committed 7104K, reserved 1048576K
}
Event: 280.680 GC heap after
{Heap after GC invocations=74 (full 3):
 PSYoungGen      total 14336K, used 493K [0x00000000d5580000, 0x00000000d6800000, 0x0000000100000000)
  eden space 13824K, 0% used [0x00000000d5580000,0x00000000d5580000,0x00000000d6300000)
  from space 512K, 96% used [0x00000000d6380000,0x00000000d63fb650,0x00000000d6400000)
  to   space 2560K, 0% used [0x00000000d6580000,0x00000000d6580000,0x00000000d6800000)
 ParOldGen       total 74752K, used 55380K [0x0000000080000000, 0x0000000084900000, 0x00000000d5580000)
  object space 74752K, 74% used [0x0000000080000000,0x0000000083615040,0x0000000084900000)
 Metaspace       used 61007K, committed 62336K, reserved 1114112K
  class space    used 6552K, committed 7104K, reserved 1048576K
}
Event: 280.783 GC heap before
{Heap before GC invocations=75 (full 3):
 PSYoungGen      total 14336K, used 14317K [0x00000000d5580000, 0x00000000d6800000, 0x0000000100000000)
  eden space 13824K, 100% used [0x00000000d5580000,0x00000000d6300000,0x00000000d6300000)
  from space 512K, 96% used [0x00000000d6380000,0x00000000d63fb650,0x00000000d6400000)
  to   space 2560K, 0% used [0x00000000d6580000,0x00000000d6580000,0x00000000d6800000)
 ParOldGen       total 74752K, used 55380K [0x0000000080000000, 0x0000000084900000, 0x00000000d5580000)
  object space 74752K, 74% used [0x0000000080000000,0x0000000083615040,0x0000000084900000)
 Metaspace       used 61028K, committed 62336K, reserved 1114112K
  class space    used 6552K, committed 7104K, reserved 1048576K
}
Event: 280.786 GC heap after
{Heap after GC invocations=75 (full 3):
 PSYoungGen      total 14848K, used 713K [0x00000000d5580000, 0x00000000d6680000, 0x0000000100000000)
  eden space 13824K, 0% used [0x00000000d5580000,0x00000000d5580000,0x00000000d6300000)
  from space 1024K, 69% used [0x00000000d6580000,0x00000000d66326c8,0x00000000d6680000)
  to   space 1536K, 0% used [0x00000000d6380000,0x00000000d6380000,0x00000000d6500000)
 ParOldGen       total 74752K, used 56056K [0x0000000080000000, 0x0000000084900000, 0x00000000d5580000)
  object space 74752K, 74% used [0x0000000080000000,0x00000000836be1b8,0x0000000084900000)
 Metaspace       used 61028K, committed 62336K, reserved 1114112K
  class space    used 6552K, committed 7104K, reserved 1048576K
}
Event: 280.862 GC heap before
{Heap before GC invocations=76 (full 3):
 PSYoungGen      total 14848K, used 14514K [0x00000000d5580000, 0x00000000d6680000, 0x0000000100000000)
  eden space 13824K, 99% used [0x00000000d5580000,0x00000000d62fa3a8,0x00000000d6300000)
  from space 1024K, 69% used [0x00000000d6580000,0x00000000d66326c8,0x00000000d6680000)
  to   space 1536K, 0% used [0x00000000d6380000,0x00000000d6380000,0x00000000d6500000)
 ParOldGen       total 74752K, used 56056K [0x0000000080000000, 0x0000000084900000, 0x00000000d5580000)
  object space 74752K, 74% used [0x0000000080000000,0x00000000836be1b8,0x0000000084900000)
 Metaspace       used 61031K, committed 62336K, reserved 1114112K
  class space    used 6552K, committed 7104K, reserved 1048576K
}
Event: 280.865 GC heap after
{Heap after GC invocations=76 (full 3):
 PSYoungGen      total 14848K, used 992K [0x00000000d5580000, 0x00000000d6600000, 0x0000000100000000)
  eden space 13824K, 0% used [0x00000000d5580000,0x00000000d5580000,0x00000000d6300000)
  from space 1024K, 96% used [0x00000000d6380000,0x00000000d64780a0,0x00000000d6480000)
  to   space 1536K, 0% used [0x00000000d6480000,0x00000000d6480000,0x00000000d6600000)
 ParOldGen       total 74752K, used 56072K [0x0000000080000000, 0x0000000084900000, 0x00000000d5580000)
  object space 74752K, 75% used [0x0000000080000000,0x00000000836c21b8,0x0000000084900000)
 Metaspace       used 61031K, committed 62336K, reserved 1114112K
  class space    used 6552K, committed 7104K, reserved 1048576K
}
Event: 281.612 GC heap before
{Heap before GC invocations=77 (full 3):
 PSYoungGen      total 14848K, used 14816K [0x00000000d5580000, 0x00000000d6600000, 0x0000000100000000)
  eden space 13824K, 100% used [0x00000000d5580000,0x00000000d6300000,0x00000000d6300000)
  from space 1024K, 96% used [0x00000000d6380000,0x00000000d64780a0,0x00000000d6480000)
  to   space 1536K, 0% used [0x00000000d6480000,0x00000000d6480000,0x00000000d6600000)
 ParOldGen       total 74752K, used 56072K [0x0000000080000000, 0x0000000084900000, 0x00000000d5580000)
  object space 74752K, 75% used [0x0000000080000000,0x00000000836c21b8,0x0000000084900000)
 Metaspace       used 63188K, committed 64576K, reserved 1114112K
  class space    used 6773K, committed 7360K, reserved 1048576K
}
Event: 281.616 GC heap after
{Heap after GC invocations=77 (full 3):
 PSYoungGen      total 14848K, used 768K [0x00000000d5580000, 0x00000000d6580000, 0x0000000100000000)
  eden space 13824K, 0% used [0x00000000d5580000,0x00000000d5580000,0x00000000d6300000)
  from space 1024K, 75% used [0x00000000d6480000,0x00000000d6540000,0x00000000d6580000)
  to   space 1024K, 0% used [0x00000000d6380000,0x00000000d6380000,0x00000000d6480000)
 ParOldGen       total 74752K, used 56080K [0x0000000080000000, 0x0000000084900000, 0x00000000d5580000)
  object space 74752K, 75% used [0x0000000080000000,0x00000000836c41b8,0x0000000084900000)
 Metaspace       used 63188K, committed 64576K, reserved 1114112K
  class space    used 6773K, committed 7360K, reserved 1048576K
}

Dll operation events (12 events):
Event: 0.055 Loaded shared library c:\Users\sheby\.vscode\extensions\redhat.java-1.54.0-win32-x64\jre\21.0.10-win32-x86_64\bin\java.dll
Event: 1.701 Loaded shared library c:\Users\sheby\.vscode\extensions\redhat.java-1.54.0-win32-x64\jre\21.0.10-win32-x86_64\bin\zip.dll
Event: 2.337 Loaded shared library C:\Users\sheby\.vscode\extensions\redhat.java-1.54.0-win32-x64\jre\21.0.10-win32-x86_64\bin\instrument.dll
Event: 2.354 Loaded shared library C:\Users\sheby\.vscode\extensions\redhat.java-1.54.0-win32-x64\jre\21.0.10-win32-x86_64\bin\net.dll
Event: 2.379 Loaded shared library C:\Users\sheby\.vscode\extensions\redhat.java-1.54.0-win32-x64\jre\21.0.10-win32-x86_64\bin\nio.dll
Event: 2.421 Loaded shared library C:\Users\sheby\.vscode\extensions\redhat.java-1.54.0-win32-x64\jre\21.0.10-win32-x86_64\bin\zip.dll
Event: 2.592 Loaded shared library C:\Users\sheby\.vscode\extensions\redhat.java-1.54.0-win32-x64\jre\21.0.10-win32-x86_64\bin\jimage.dll
Event: 4.248 Loaded shared library c:\Users\sheby\.vscode\extensions\redhat.java-1.54.0-win32-x64\jre\21.0.10-win32-x86_64\bin\verify.dll
Event: 166.877 Loaded shared library C:\Users\sheby\AppData\Roaming\Code\User\globalStorage\redhat.java\1.54.0\config_win\org.eclipse.equinox.launcher\org.eclipse.equinox.launcher.win32.win32.x86_64_1.3.0.v20260203-2149\eclipse_11919.dll
Event: 213.029 Loaded shared library C:\Users\sheby\AppData\Local\Temp\jna-109403399\jna898984172857421.dll
Event: 221.122 Loaded shared library C:\Users\sheby\.vscode\extensions\redhat.java-1.54.0-win32-x64\jre\21.0.10-win32-x86_64\bin\sunmscapi.dll
Event: 229.024 Loaded shared library C:\Users\sheby\.vscode\extensions\redhat.java-1.54.0-win32-x64\jre\21.0.10-win32-x86_64\bin\extnet.dll

Deoptimization events (20 events):
Event: 280.791 Thread 0x000001aff8c474f0 DEOPT PACKING pc=0x000001af9eccd533 sp=0x00000040013fac70
Event: 280.791 Thread 0x000001aff8c474f0 DEOPT UNPACKING pc=0x000001afa5964242 sp=0x00000040013fa1a0 mode 0
Event: 280.805 Thread 0x000001aff8c474f0 DEOPT PACKING pc=0x000001af9eccd533 sp=0x00000040013fac70
Event: 280.805 Thread 0x000001aff8c474f0 DEOPT UNPACKING pc=0x000001afa5964242 sp=0x00000040013fa1a0 mode 0
Event: 280.818 Thread 0x000001aff8c474f0 DEOPT PACKING pc=0x000001af9eccd533 sp=0x00000040013fac70
Event: 280.818 Thread 0x000001aff8c474f0 DEOPT UNPACKING pc=0x000001afa5964242 sp=0x00000040013fa1a0 mode 0
Event: 280.826 Thread 0x000001aff8c474f0 DEOPT PACKING pc=0x000001af9eccd533 sp=0x00000040013fac70
Event: 280.826 Thread 0x000001aff8c474f0 DEOPT UNPACKING pc=0x000001afa5964242 sp=0x00000040013fa1a0 mode 0
Event: 280.834 Thread 0x000001aff8c474f0 DEOPT PACKING pc=0x000001af9eccd533 sp=0x00000040013fac70
Event: 280.834 Thread 0x000001aff8c474f0 DEOPT UNPACKING pc=0x000001afa5964242 sp=0x00000040013fa1a0 mode 0
Event: 280.842 Thread 0x000001aff8c474f0 DEOPT PACKING pc=0x000001af9eccd533 sp=0x00000040013fac70
Event: 280.842 Thread 0x000001aff8c474f0 DEOPT UNPACKING pc=0x000001afa5964242 sp=0x00000040013fa1a0 mode 0
Event: 280.865 Thread 0x000001aff8c474f0 DEOPT PACKING pc=0x000001af9eccd533 sp=0x00000040013fac70
Event: 280.866 Thread 0x000001aff8c474f0 DEOPT UNPACKING pc=0x000001afa5964242 sp=0x00000040013fa1a0 mode 0
Event: 280.866 Thread 0x000001aff8c474f0 DEOPT PACKING pc=0x000001af9ecd6709 sp=0x00000040013fabe0
Event: 280.866 Thread 0x000001aff8c474f0 DEOPT UNPACKING pc=0x000001afa5964242 sp=0x00000040013fa188 mode 0
Event: 281.437 Thread 0x000001aff8c474f0 Uncommon trap: trap_request=0xffffff45 fr.pc=0x000001afa645abd0 relative=0x00000000000003f0
Event: 281.437 Thread 0x000001aff8c474f0 Uncommon trap: reason=unstable_if action=reinterpret pc=0x000001afa645abd0 method=java.util.IdentityHashMap.maskNull(Ljava/lang/Object;)Ljava/lang/Object; @ 1 c2
Event: 281.437 Thread 0x000001aff8c474f0 DEOPT PACKING pc=0x000001afa645abd0 sp=0x00000040013fd7a0
Event: 281.437 Thread 0x000001aff8c474f0 DEOPT UNPACKING pc=0x000001afa5963aa2 sp=0x00000040013fd6e8 mode 2

Classes loaded (20 events):
Event: 278.189 Loading class java/util/stream/ReduceOps$CountingSink$OfRef
Event: 278.190 Loading class java/util/stream/ReduceOps$CountingSink
Event: 278.190 Loading class java/util/stream/ReduceOps$CountingSink done
Event: 278.190 Loading class java/util/stream/ReduceOps$CountingSink$OfRef done
Event: 278.399 Loading class java/util/stream/ReduceOps$1
Event: 278.399 Loading class java/util/stream/ReduceOps$1 done
Event: 278.399 Loading class java/util/stream/ReduceOps$1ReducingSink
Event: 278.399 Loading class java/util/stream/ReduceOps$1ReducingSink done
Event: 281.011 Loading class java/util/stream/ReferencePipeline$4
Event: 281.011 Loading class java/util/stream/ReferencePipeline$4 done
Event: 281.012 Loading class java/util/stream/Nodes$IntFixedNodeBuilder
Event: 281.012 Loading class java/util/stream/Node$Builder$OfInt
Event: 281.012 Loading class java/util/stream/Node$Builder$OfInt done
Event: 281.012 Loading class java/util/stream/Nodes$IntArrayNode
Event: 281.013 Loading class java/util/stream/Nodes$IntArrayNode done
Event: 281.013 Loading class java/util/stream/Nodes$IntFixedNodeBuilder done
Event: 281.013 Loading class java/util/stream/ReferencePipeline$4$1
Event: 281.013 Loading class java/util/stream/ReferencePipeline$4$1 done
Event: 281.133 Loading class java/util/Hashtable$ValueCollection
Event: 281.133 Loading class java/util/Hashtable$ValueCollection done

Classes unloaded (8 events):
Event: 214.899 Thread 0x000001af9b0ce800 Unloading class 0x000001afb31aac00 'java/lang/invoke/LambdaForm$MH+0x000001afb31aac00'
Event: 214.899 Thread 0x000001af9b0ce800 Unloading class 0x000001afb31aa800 'java/lang/invoke/LambdaForm$MH+0x000001afb31aa800'
Event: 214.899 Thread 0x000001af9b0ce800 Unloading class 0x000001afb31aa400 'java/lang/invoke/LambdaForm$MH+0x000001afb31aa400'
Event: 214.899 Thread 0x000001af9b0ce800 Unloading class 0x000001afb31aa000 'java/lang/invoke/LambdaForm$MH+0x000001afb31aa000'
Event: 214.899 Thread 0x000001af9b0ce800 Unloading class 0x000001afb31a9c00 'java/lang/invoke/LambdaForm$BMH+0x000001afb31a9c00'
Event: 214.899 Thread 0x000001af9b0ce800 Unloading class 0x000001afb31a9800 'java/lang/invoke/LambdaForm$DMH+0x000001afb31a9800'
Event: 214.899 Thread 0x000001af9b0ce800 Unloading class 0x000001afb31a8400 'java/lang/invoke/LambdaForm$DMH+0x000001afb31a8400'
Event: 278.908 Thread 0x000001af9b0ce800 Unloading class 0x000001afb368c800 'java/lang/invoke/LambdaForm$DMH+0x000001afb368c800'

Classes redefined (0 events):
No events

Internal exceptions (20 events):
Event: 258.845 Thread 0x000001aff8c474f0 Implicit null exception at 0x000001afa5fc0d8c to 0x000001afa5fc0ed8
Event: 259.445 Thread 0x000001aff8c474f0 Exception <a 'sun/nio/fs/WindowsException'{0x00000000d5fcb760}> (0x00000000d5fcb760) 
thrown [s\src\hotspot\share\prims\jni.cpp, line 520]
Event: 259.445 Thread 0x000001aff8c474f0 Exception <a 'sun/nio/fs/WindowsException'{0x00000000d5fcc060}> (0x00000000d5fcc060) 
thrown [s\src\hotspot\share\prims\jni.cpp, line 520]
Event: 272.837 Thread 0x000001aff8976da0 Exception <a 'sun/nio/fs/WindowsException'{0x00000000d601bf60}> (0x00000000d601bf60) 
thrown [s\src\hotspot\share\prims\jni.cpp, line 520]
Event: 272.837 Thread 0x000001aff8976da0 Exception <a 'sun/nio/fs/WindowsException'{0x00000000d601c860}> (0x00000000d601c860) 
thrown [s\src\hotspot\share\prims\jni.cpp, line 520]
Event: 272.838 Thread 0x000001aff8976da0 Exception <a 'sun/nio/fs/WindowsException'{0x00000000d601d698}> (0x00000000d601d698) 
thrown [s\src\hotspot\share\prims\jni.cpp, line 520]
Event: 272.838 Thread 0x000001aff8976da0 Exception <a 'sun/nio/fs/WindowsException'{0x00000000d601df98}> (0x00000000d601df98) 
thrown [s\src\hotspot\share\prims\jni.cpp, line 520]
Event: 272.841 Thread 0x000001aff8976da0 Exception <a 'sun/nio/fs/WindowsException'{0x00000000d601f880}> (0x00000000d601f880) 
thrown [s\src\hotspot\share\prims\jni.cpp, line 520]
Event: 272.841 Thread 0x000001aff8976da0 Exception <a 'sun/nio/fs/WindowsException'{0x00000000d60346d0}> (0x00000000d60346d0) 
thrown [s\src\hotspot\share\prims\jni.cpp, line 520]
Event: 272.850 Thread 0x000001aff8976da0 Exception <a 'sun/nio/fs/WindowsException'{0x00000000d60a04c8}> (0x00000000d60a04c8) 
thrown [s\src\hotspot\share\prims\jni.cpp, line 520]
Event: 272.850 Thread 0x000001aff8976da0 Exception <a 'sun/nio/fs/WindowsException'{0x00000000d60a0dc8}> (0x00000000d60a0dc8) 
thrown [s\src\hotspot\share\prims\jni.cpp, line 520]
Event: 273.625 Thread 0x000001aff8c474f0 Implicit null exception at 0x000001afa649a0a8 to 0x000001afa649a990
Event: 274.105 Thread 0x000001aff8c474f0 Implicit null exception at 0x000001afa64b794b to 0x000001afa64b8320
Event: 278.175 Thread 0x000001aff8c474f0 Exception <a 'java/lang/NoSuchMethodError'{0x00000000d60b6fc8}: 'java.lang.Object java.lang.invoke.DirectMethodHandle$Holder.invokeSpecial(java.lang.Object, java.lang.Object, int, long)'> (0x00000000d60b6fc8) 
thrown [s\src\hotspot\share\interpreter\linkResolver.cpp, line 773]
Event: 278.192 Thread 0x000001aff8c474f0 Exception <a 'sun/nio/fs/WindowsException'{0x00000000d60f74c0}> (0x00000000d60f74c0) 
thrown [s\src\hotspot\share\prims\jni.cpp, line 520]
Event: 278.192 Thread 0x000001aff8c474f0 Exception <a 'sun/nio/fs/WindowsException'{0x00000000d60f7b10}> (0x00000000d60f7b10) 
thrown [s\src\hotspot\share\prims\jni.cpp, line 520]
Event: 278.811 Thread 0x000001aff8c474f0 Exception <a 'java/lang/NoSuchMethodError'{0x00000000d5eab0f0}: 'java.lang.Object java.lang.invoke.DirectMethodHandle$Holder.invokeVirtual(java.lang.Object, java.lang.Object, int)'> (0x00000000d5eab0f0) 
thrown [s\src\hotspot\share\interpreter\linkResolver.cpp, line 773]
Event: 281.156 Thread 0x000001aff8c474f0 Exception <a 'java/lang/NoSuchMethodError'{0x00000000d5fa5328}: 'java.lang.Object java.lang.invoke.DirectMethodHandle$Holder.invokeStatic(java.lang.Object, java.lang.Object, int, java.lang.Object)'> (0x00000000d5fa5328) 
thrown [s\src\hotspot\share\interpreter\linkResolver.cpp, line 773]
Event: 281.157 Thread 0x000001aff8c474f0 Exception <a 'java/lang/NoSuchMethodError'{0x00000000d5fab958}: 'java.lang.Object java.lang.invoke.DirectMethodHandle$Holder.newInvokeSpecial(java.lang.Object, java.lang.Object, int)'> (0x00000000d5fab958) 
thrown [s\src\hotspot\share\interpreter\linkResolver.cpp, line 773]
Event: 281.437 Thread 0x000001aff8c474f0 Implicit null exception at 0x000001afa645a827 to 0x000001afa645abc0

ZGC Phase Switch (0 events):
No events

VM Operations (20 events):
Event: 5923.043 Executing safepoint VM operation: Cleanup
Event: 5923.193 Executing safepoint VM operation: Cleanup done
Event: 5955.511 Executing non-safepoint VM operation: HandshakeAllThreads (HandshakeForDeflation)
Event: 5955.511 Executing non-safepoint VM operation: HandshakeAllThreads (HandshakeForDeflation) done
Event: 5955.511 Executing non-safepoint VM operation: RendezvousGCThreads
Event: 5955.511 Executing non-safepoint VM operation: RendezvousGCThreads done
Event: 6824.140 Executing safepoint VM operation: Cleanup
Event: 6824.142 Executing safepoint VM operation: Cleanup done
Event: 6857.657 Executing non-safepoint VM operation: HandshakeAllThreads (HandshakeForDeflation)
Event: 6857.658 Executing non-safepoint VM operation: HandshakeAllThreads (HandshakeForDeflation) done
Event: 6857.658 Executing non-safepoint VM operation: RendezvousGCThreads
Event: 6857.658 Executing non-safepoint VM operation: RendezvousGCThreads done
Event: 6977.893 Executing non-safepoint VM operation: HandshakeAllThreads (HandshakeForDeflation)
Event: 6977.894 Executing non-safepoint VM operation: HandshakeAllThreads (HandshakeForDeflation) done
Event: 6977.894 Executing non-safepoint VM operation: RendezvousGCThreads
Event: 6977.894 Executing non-safepoint VM operation: RendezvousGCThreads done
Event: 7398.654 Executing non-safepoint VM operation: HandshakeAllThreads (HandshakeForDeflation)
Event: 7398.654 Executing non-safepoint VM operation: HandshakeAllThreads (HandshakeForDeflation) done
Event: 7398.654 Executing non-safepoint VM operation: RendezvousGCThreads
Event: 7398.654 Executing non-safepoint VM operation: RendezvousGCThreads done

Memory protections (0 events):
No events

Nmethod flushes (20 events):
Event: 278.951 Thread 0x000001af9b0ce800 flushing  nmethod 0x000001af9eda8a10
Event: 278.951 Thread 0x000001af9b0ce800 flushing  nmethod 0x000001af9edc2290
Event: 278.951 Thread 0x000001af9b0ce800 flushing  nmethod 0x000001af9edc4f10
Event: 278.951 Thread 0x000001af9b0ce800 flushing  nmethod 0x000001af9edcbe90
Event: 278.951 Thread 0x000001af9b0ce800 flushing  nmethod 0x000001af9edcd710
Event: 278.951 Thread 0x000001af9b0ce800 flushing  nmethod 0x000001af9edcf790
Event: 278.951 Thread 0x000001af9b0ce800 flushing  nmethod 0x000001af9ede7890
Event: 278.951 Thread 0x000001af9b0ce800 flushing  nmethod 0x000001af9ee06a90
Event: 278.951 Thread 0x000001af9b0ce800 flushing  nmethod 0x000001af9ee07190
Event: 278.951 Thread 0x000001af9b0ce800 flushing  nmethod 0x000001af9ee07790
Event: 278.951 Thread 0x000001af9b0ce800 flushing  nmethod 0x000001af9ee0b510
Event: 278.951 Thread 0x000001af9b0ce800 flushing  nmethod 0x000001af9ee0f710
Event: 278.951 Thread 0x000001af9b0ce800 flushing  nmethod 0x000001af9ee12190
Event: 278.951 Thread 0x000001af9b0ce800 flushing  nmethod 0x000001af9ee1fe10
Event: 278.951 Thread 0x000001af9b0ce800 flushing  nmethod 0x000001af9ee24f10
Event: 278.951 Thread 0x000001af9b0ce800 flushing  nmethod 0x000001af9ee30990
Event: 278.951 Thread 0x000001af9b0ce800 flushing  nmethod 0x000001af9ee34310
Event: 278.951 Thread 0x000001af9b0ce800 flushing  nmethod 0x000001af9ee36d90
Event: 278.951 Thread 0x000001af9b0ce800 flushing  nmethod 0x000001af9ee43f10
Event: 278.951 Thread 0x000001af9b0ce800 flushing  nmethod 0x000001af9ee4c490

Events (20 events):
Event: 258.829 Thread 0x000001aff897a8b0 Thread exited: 0x000001aff897a8b0
Event: 258.829 Thread 0x000001aff8977430 Thread exited: 0x000001aff8977430
Event: 258.970 Thread 0x000001af9b150c60 Thread added: 0x000001aff8e16020
Event: 259.453 Thread 0x000001aff8e16020 Thread exited: 0x000001aff8e16020
Event: 272.901 Thread 0x000001af9b150c60 Thread added: 0x000001affb64a970
Event: 274.106 Thread 0x000001affb64a970 Thread exited: 0x000001affb64a970
Event: 274.121 Thread 0x000001af9b150c60 Thread added: 0x000001affb64a970
Event: 274.891 Thread 0x000001affb64a970 Thread exited: 0x000001affb64a970
Event: 277.414 Thread 0x000001af9b150c60 Thread added: 0x000001affb9cfee0
Event: 277.985 Thread 0x000001affb9cfee0 Thread exited: 0x000001affb9cfee0
Event: 278.503 Thread 0x000001af9b150c60 Thread added: 0x000001affb39e4b0
Event: 278.731 Thread 0x000001affb39e4b0 Thread exited: 0x000001affb39e4b0
Event: 280.741 Thread 0x000001af9b150c60 Thread added: 0x000001aff87226a0
Event: 286.005 Thread 0x000001aff87226a0 Thread exited: 0x000001aff87226a0
Event: 306.743 Thread 0x000001aff8c48210 Thread exited: 0x000001aff8c48210
Event: 332.965 Thread 0x000001aff8c49c50 Thread exited: 0x000001aff8c49c50
Event: 338.129 Thread 0x000001aff8c48f30 Thread exited: 0x000001aff8c48f30
Event: 338.152 Thread 0x000001aff8976da0 Thread exited: 0x000001aff8976da0
Event: 398.153 Thread 0x000001aff897a220 Thread exited: 0x000001aff897a220
Event: 458.166 Thread 0x000001aff8979b90 Thread exited: 0x000001aff8979b90


Dynamic libraries:
0x00007ff6438f0000 - 0x00007ff6438fe000 	c:\Users\sheby\.vscode\extensions\redhat.java-1.54.0-win32-x64\jre\21.0.10-win32-x86_64\bin\java.exe
0x00007fff65a60000 - 0x00007fff65cc6000 	C:\Windows\SYSTEM32\ntdll.dll
0x00007fff64620000 - 0x00007fff646e9000 	C:\Windows\System32\KERNEL32.DLL
0x00007fff63020000 - 0x00007fff6341a000 	C:\Windows\System32\KERNELBASE.dll
0x00007fff62ed0000 - 0x00007fff6301c000 	C:\Windows\System32\ucrtbase.dll
0x00007fff3b010000 - 0x00007fff3b028000 	c:\Users\sheby\.vscode\extensions\redhat.java-1.54.0-win32-x64\jre\21.0.10-win32-x86_64\bin\jli.dll
0x00007fff638f0000 - 0x00007fff63ab7000 	C:\Windows\System32\USER32.dll
0x00007fff637a0000 - 0x00007fff637c7000 	C:\Windows\System32\win32u.dll
0x00007fff648e0000 - 0x00007fff6490b000 	C:\Windows\System32\GDI32.dll
0x00007fff62da0000 - 0x00007fff62ecb000 	C:\Windows\System32\gdi32full.dll
0x00007fff636f0000 - 0x00007fff63793000 	C:\Windows\System32\msvcp_win.dll
0x00007fff3acd0000 - 0x00007fff3acee000 	c:\Users\sheby\.vscode\extensions\redhat.java-1.54.0-win32-x64\jre\21.0.10-win32-x86_64\bin\VCRUNTIME140.dll
0x00007fff55970000 - 0x00007fff55c02000 	C:\Windows\WinSxS\amd64_microsoft.windows.common-controls_6595b64144ccf1df_6.0.26100.8521_none_3e08b75ce33403b3\COMCTL32.dll
0x00007fff65810000 - 0x00007fff658b9000 	C:\Windows\System32\msvcrt.dll
0x00007fff65520000 - 0x00007fff65552000 	C:\Windows\System32\IMM32.DLL
0x00007fff5f980000 - 0x00007fff5f98c000 	c:\Users\sheby\.vscode\extensions\redhat.java-1.54.0-win32-x64\jre\21.0.10-win32-x86_64\bin\vcruntime140_1.dll
0x00007fff1a730000 - 0x00007fff1a7bd000 	c:\Users\sheby\.vscode\extensions\redhat.java-1.54.0-win32-x64\jre\21.0.10-win32-x86_64\bin\msvcp140.dll
0x00007ffecf4c0000 - 0x00007ffed0261000 	c:\Users\sheby\.vscode\extensions\redhat.java-1.54.0-win32-x64\jre\21.0.10-win32-x86_64\bin\server\jvm.dll
0x00007fff65750000 - 0x00007fff65806000 	C:\Windows\System32\ADVAPI32.dll
0x00007fff63af0000 - 0x00007fff63b9a000 	C:\Windows\System32\sechost.dll
0x00007fff64a60000 - 0x00007fff64b78000 	C:\Windows\System32\RPCRT4.dll
0x00007fff65310000 - 0x00007fff65390000 	C:\Windows\System32\WS2_32.dll
0x00007fff62b70000 - 0x00007fff62bce000 	C:\Windows\SYSTEM32\POWRPROF.dll
0x00007fff56530000 - 0x00007fff56566000 	C:\Windows\SYSTEM32\WINMM.dll
0x00007fff56460000 - 0x00007fff5646b000 	C:\Windows\SYSTEM32\VERSION.dll
0x00007fff62b50000 - 0x00007fff62b64000 	C:\Windows\SYSTEM32\UMPDC.dll
0x00007fff61a80000 - 0x00007fff61a9b000 	C:\Windows\SYSTEM32\kernel.appcore.dll
0x00007fff541c0000 - 0x00007fff541ca000 	c:\Users\sheby\.vscode\extensions\redhat.java-1.54.0-win32-x64\jre\21.0.10-win32-x86_64\bin\jimage.dll
0x00007fff48310000 - 0x00007fff48552000 	C:\Windows\SYSTEM32\DBGHELP.DLL
0x00007fff64290000 - 0x00007fff64613000 	C:\Windows\System32\combase.dll
0x00007fff64980000 - 0x00007fff64a59000 	C:\Windows\System32\OLEAUT32.dll
0x00007fff4d3b0000 - 0x00007fff4d3eb000 	C:\Windows\SYSTEM32\dbgcore.DLL
0x00007fff62cf0000 - 0x00007fff62d98000 	C:\Windows\System32\bcryptPrimitives.dll
0x00007fff51300000 - 0x00007fff5130f000 	c:\Users\sheby\.vscode\extensions\redhat.java-1.54.0-win32-x64\jre\21.0.10-win32-x86_64\bin\instrument.dll
0x00007fff3aa90000 - 0x00007fff3aab0000 	c:\Users\sheby\.vscode\extensions\redhat.java-1.54.0-win32-x64\jre\21.0.10-win32-x86_64\bin\java.dll
0x00007fff64b80000 - 0x00007fff65304000 	C:\Windows\System32\SHELL32.dll
0x00007fff608f0000 - 0x00007fff61170000 	C:\Windows\SYSTEM32\windows.storage.dll
0x00007fff65920000 - 0x00007fff65a16000 	C:\Windows\System32\SHCORE.dll
0x00007fff64910000 - 0x00007fff64977000 	C:\Windows\System32\shlwapi.dll
0x00007fff62c10000 - 0x00007fff62c39000 	C:\Windows\SYSTEM32\profapi.dll
0x00007fff37590000 - 0x00007fff375a8000 	c:\Users\sheby\.vscode\extensions\redhat.java-1.54.0-win32-x64\jre\21.0.10-win32-x86_64\bin\zip.dll
0x00007fff51290000 - 0x00007fff512a0000 	C:\Users\sheby\.vscode\extensions\redhat.java-1.54.0-win32-x64\jre\21.0.10-win32-x86_64\bin\net.dll
0x00007fff58490000 - 0x00007fff585b9000 	C:\Windows\SYSTEM32\WINHTTP.dll
0x00007fff61ff0000 - 0x00007fff6205c000 	C:\Windows\system32\mswsock.dll
0x00007fff37030000 - 0x00007fff37046000 	C:\Users\sheby\.vscode\extensions\redhat.java-1.54.0-win32-x64\jre\21.0.10-win32-x86_64\bin\nio.dll
0x00007fff51250000 - 0x00007fff51260000 	c:\Users\sheby\.vscode\extensions\redhat.java-1.54.0-win32-x64\jre\21.0.10-win32-x86_64\bin\verify.dll
0x00007fff42510000 - 0x00007fff42555000 	C:\Users\sheby\AppData\Roaming\Code\User\globalStorage\redhat.java\1.54.0\config_win\org.eclipse.equinox.launcher\org.eclipse.equinox.launcher.win32.win32.x86_64_1.3.0.v20260203-2149\eclipse_11919.dll
0x00007fff63bd0000 - 0x00007fff63d68000 	C:\Windows\System32\ole32.dll
0x00007fff622d0000 - 0x00007fff622eb000 	C:\Windows\SYSTEM32\CRYPTSP.dll
0x00007fff619e0000 - 0x00007fff61a19000 	C:\Windows\system32\rsaenh.dll
0x00007fff620a0000 - 0x00007fff620d3000 	C:\Windows\SYSTEM32\USERENV.dll
0x00007fff62be0000 - 0x00007fff62c0a000 	C:\Windows\SYSTEM32\bcrypt.dll
0x00007fff622f0000 - 0x00007fff622fc000 	C:\Windows\SYSTEM32\CRYPTBASE.dll
0x00007fff61480000 - 0x00007fff614b3000 	C:\Windows\SYSTEM32\IPHLPAPI.DLL
0x00007fff65560000 - 0x00007fff6556a000 	C:\Windows\System32\NSI.dll
0x00007fff325d0000 - 0x00007fff32619000 	C:\Users\sheby\AppData\Local\Temp\jna-109403399\jna898984172857421.dll
0x00007fff64770000 - 0x00007fff64778000 	C:\Windows\System32\PSAPI.DLL
0x00007fff58690000 - 0x00007fff586ad000 	C:\Windows\SYSTEM32\dhcpcsvc6.DLL
0x00007fff58460000 - 0x00007fff58485000 	C:\Windows\SYSTEM32\dhcpcsvc.DLL
0x00007fff541e0000 - 0x00007fff541ee000 	C:\Users\sheby\.vscode\extensions\redhat.java-1.54.0-win32-x64\jre\21.0.10-win32-x86_64\bin\sunmscapi.dll
0x00007fff634e0000 - 0x00007fff63658000 	C:\Windows\System32\CRYPT32.dll
0x00007fff624f0000 - 0x00007fff62520000 	C:\Windows\SYSTEM32\ncrypt.dll
0x00007fff624a0000 - 0x00007fff624df000 	C:\Windows\SYSTEM32\NTASN1.dll
0x00007fff61510000 - 0x00007fff6165a000 	C:\Windows\SYSTEM32\DNSAPI.dll
0x00007fff61e10000 - 0x00007fff61e1d000 	C:\Windows\SYSTEM32\DSPARSE.dll
0x00007fff570a0000 - 0x00007fff570ab000 	C:\Windows\System32\rasadhlp.dll
0x00007fff57b50000 - 0x00007fff57bd6000 	C:\Windows\System32\fwpuclnt.dll
0x00007fff509e0000 - 0x00007fff509e9000 	C:\Users\sheby\.vscode\extensions\redhat.java-1.54.0-win32-x64\jre\21.0.10-win32-x86_64\bin\extnet.dll

JVMTI agents:
c:\Users\sheby\.vscode\extensions\redhat.java-1.54.0-win32-x64\lombok\lombok-1.18.39-4050.jar path:c:\Users\sheby\.vscode\extensions\redhat.java-1.54.0-win32-x64\jre\21.0.10-win32-x86_64\bin\instrument.dll, loaded, initialized, instrumentlib options:none

dbghelp: loaded successfully - version: 4.0.5 - missing functions: none
symbol engine: initialized successfully - sym options: 0x614 - pdb path: .;c:\Users\sheby\.vscode\extensions\redhat.java-1.54.0-win32-x64\jre\21.0.10-win32-x86_64\bin;C:\Windows\SYSTEM32;C:\Windows\WinSxS\amd64_microsoft.windows.common-controls_6595b64144ccf1df_6.0.26100.8521_none_3e08b75ce33403b3;c:\Users\sheby\.vscode\extensions\redhat.java-1.54.0-win32-x64\jre\21.0.10-win32-x86_64\bin\server;C:\Users\sheby\AppData\Roaming\Code\User\globalStorage\redhat.java\1.54.0\config_win\org.eclipse.equinox.launcher\org.eclipse.equinox.launcher.win32.win32.x86_64_1.3.0.v20260203-2149;C:\Users\sheby\AppData\Local\Temp\jna-109403399

VM Arguments:
jvm_args: --add-modules=ALL-SYSTEM --add-opens=java.base/java.util=ALL-UNNAMED --add-opens=java.base/java.lang=ALL-UNNAMED --add-opens=java.base/sun.nio.fs=ALL-UNNAMED -Declipse.application=org.eclipse.jdt.ls.core.id1 -Dosgi.bundles.defaultStartLevel=4 -Declipse.product=org.eclipse.jdt.ls.core.product -Djava.import.generatesMetadataFilesAtProjectRoot=false -DDetectVMInstallationsJob.disabled=true -Dfile.encoding=utf8 -XX:+UseParallelGC -XX:GCTimeRatio=4 -XX:AdaptiveSizePolicyWeight=90 -Dsun.zip.disableMemoryMapping=true -Xmx2G -Xms100m -Xlog:disable -javaagent:c:\Users\sheby\.vscode\extensions\redhat.java-1.54.0-win32-x64\lombok\lombok-1.18.39-4050.jar -XX:+HeapDumpOnOutOfMemoryError -XX:HeapDumpPath=c:\Users\sheby\AppData\Roaming\Code\User\workspaceStorage\807e66dc253d521f8b719599702dc12f\redhat.java -Daether.dependencyCollector.impl=bf 
java_command: c:\Users\sheby\.vscode\extensions\redhat.java-1.54.0-win32-x64\server\plugins\org.eclipse.equinox.launcher_1.7.100.v20251111-0406.jar -configuration c:\Users\sheby\AppData\Roaming\Code\User\globalStorage\redhat.java\1.54.0\config_win -data c:\Users\sheby\AppData\Roaming\Code\User\workspaceStorage\807e66dc253d521f8b719599702dc12f\redhat.java\jdt_ws --pipe=\\.\pipe\lsp-b2ebcac002f691e5313238f109517366-sock
java_class_path (initial): c:\Users\sheby\.vscode\extensions\redhat.java-1.54.0-win32-x64\server\plugins\org.eclipse.equinox.launcher_1.7.100.v20251111-0406.jar
Launcher Type: SUN_STANDARD

[Global flags]
    uintx AdaptiveSizePolicyWeight                 = 90                                        {product} {command line}
     intx CICompilerCount                          = 3                                         {product} {ergonomic}
    uintx GCTimeRatio                              = 4                                         {product} {command line}
     bool HeapDumpOnOutOfMemoryError               = true                                   {manageable} {command line}
    ccstr HeapDumpPath                             = c:\Users\sheby\AppData\Roaming\Code\User\workspaceStorage\807e66dc253d521f8b719599702dc12f\redhat.java         {manageable} {command line}
   size_t InitialHeapSize                          = 104857600                                 {product} {command line}
   size_t MaxHeapSize                              = 2147483648                                {product} {command line}
   size_t MaxNewSize                               = 715653120                                 {product} {ergonomic}
   size_t MinHeapDeltaBytes                        = 524288                                    {product} {ergonomic}
   size_t MinHeapSize                              = 104857600                                 {product} {command line}
   size_t NewSize                                  = 34603008                                  {product} {ergonomic}
    uintx NonNMethodCodeHeapSize                   = 5832780                                {pd product} {ergonomic}
    uintx NonProfiledCodeHeapSize                  = 122912730                              {pd product} {ergonomic}
   size_t OldSize                                  = 70254592                                  {product} {ergonomic}
    uintx ProfiledCodeHeapSize                     = 122912730                              {pd product} {ergonomic}
    uintx ReservedCodeCacheSize                    = 251658240                              {pd product} {ergonomic}
     bool SegmentedCodeCache                       = true                                      {product} {ergonomic}
   size_t SoftMaxHeapSize                          = 2147483648                             {manageable} {ergonomic}
     bool UseCompressedOops                        = true                           {product lp64_product} {ergonomic}
     bool UseLargePagesIndividualAllocation        = false                                  {pd product} {ergonomic}
     bool UseParallelGC                            = true                                      {product} {command line}

Logging:
Log output configuration:
 #0: stdout all=off uptime,level,tags foldmultilines=false
 #1: stderr all=off uptime,level,tags foldmultilines=false

Release file:
JAVA_VERSION="21.0.10" 
MODULES="java.base java.compiler java.datatransfer java.xml java.prefs java.desktop java.instrument java.logging java.management java.security.sasl java.naming java.rmi java.management.rmi java.net.http java.scripting java.security.jgss java.transaction.xa java.sql java.sql.rowset java.xml.crypto java.se java.smartcardio jdk.accessibility jdk.internal.jvmstat jdk.attach jdk.charsets jdk.internal.opt jdk.zipfs jdk.compiler jdk.crypto.ec jdk.crypto.cryptoki jdk.crypto.mscapi jdk.dynalink jdk.internal.ed jdk.editpad jdk.hotspot.agent jdk.httpserver jdk.internal.le jdk.internal.vm.ci jdk.internal.vm.compiler jdk.internal.vm.compiler.management jdk.jartool jdk.javadoc jdk.jcmd jdk.management jdk.management.agent jdk.jconsole jdk.jdeps jdk.jdwp.agent jdk.jdi jdk.jfr jdk.jshell jdk.jsobject jdk.jstatd jdk.localedata jdk.management.jfr jdk.naming.dns jdk.naming.rmi jdk.net jdk.nio.mapmode jdk.random jdk.sctp jdk.security.auth jdk.security.jgss jdk.unsupported jdk.unsupported.desktop jdk.xml.dom" 

Environment Variables:
JAVA_HOME=C:\Program Files\Java\jdk-21.0.11
PATH=C:\Python314\Scripts\;C:\Python314\;C:\Program Files\Common Files\Oracle\Java\javapath;C:\Windows\system32;C:\Windows;C:\Windows\System32\Wbem;C:\Windows\System32\WindowsPowerShell\v1.0\;C:\Windows\System32\OpenSSH\;C:\Program Files\nodejs\;C:\ProgramData\chocolatey\bin;C:\Program Files\Git\cmd;C:\Program Files\Java\jdk-21.0.11\bin;C:\tools\apache-maven-3.9.15\bin;C:\Users\sheby\AppData\Local\Microsoft\WindowsApps;C:\Users\sheby\AppData\Local\Programs\Microsoft VS Code\bin;C:\Users\sheby\AppData\Roaming\npm;C:\Users\sheby\AppData\Local\Programs\Antigravity\bin;C:\Users\sheby\AppData\Local\Programs\Kiro\bin;C:\Users\sheby\AppData\Local\Programs\Antigravity IDE\bin;C:\Exercism;C:\Users\sheby\AppData\Local\Programs\cursor\resources\app\bin;C:\Users\sheby\.bun\bin
USERNAME=sheby
OS=Windows_NT
PROCESSOR_IDENTIFIER=Intel64 Family 6 Model 61 Stepping 4, GenuineIntel
TMP=C:\Users\sheby\AppData\Local\Temp
TEMP=C:\Users\sheby\AppData\Local\Temp




Periodic native trim disabled

---------------  S Y S T E M  ---------------

OS:
 Windows 11 , 64 bit Build 26100 (10.0.26100.8521)
OS uptime: 0 days 15:14 hours

CPU: total 4 (initial active 4) (2 cores per cpu, 2 threads per core) family 6 model 61 stepping 4 microcode 0x2f, cx8, cmov, fxsr, ht, mmx, 3dnowpref, sse, sse2, sse3, ssse3, sse4.1, sse4.2, popcnt, lzcnt, tsc, tscinvbit, avx, avx2, aes, erms, clmul, bmi1, bmi2, rtm, adx, fma, vzeroupper, clflush, rdtscp, f16c
Processor Information for the first 4 processors :
  Max Mhz: 1401, Current Mhz: 1200, Mhz Limit: 1190

Memory: 4k page, system-wide physical 8099M (623M free)
TotalPageFile size 23727M (AvailPageFile size 0M)
current process WorkingSet (physical memory assigned to process): 10M, peak: 299M
current process commit charge ("private bytes"): 349M, peak: 354M

vm_info: OpenJDK 64-Bit Server VM (21.0.10+7-LTS) for windows-amd64 JRE (21.0.10+7-LTS), built on 2026-01-20T00:00:00Z by "admin" with MS VC++ 17.12 (VS2022)

END.
