#
# There is insufficient memory for the Java Runtime Environment to continue.
# Native memory allocation (malloc) failed to allocate 188248 bytes. Error detail: Chunk::new
# Possible reasons:
#   The system is out of physical RAM or swap space
#   This process is running with CompressedOops enabled, and the Java Heap may be blocking the growth of the native heap
# Possible solutions:
#   Reduce memory load on the system
#   Increase physical memory or swap space
#   Check if swap backing store is full
#   Decrease Java heap size (-Xmx/-Xms)
#   Decrease number of Java threads
#   Decrease Java thread stack sizes (-Xss)
#   Set larger code cache with -XX:ReservedCodeCacheSize=
#   JVM is running with Unscaled Compressed Oops mode in which the Java heap is
#     placed in the first 4GB address space. The Java Heap base address is the
#     maximum limit for the native heap growth. Please use -XX:HeapBaseMinAddress
#     to set the Java Heap base and to place the Java Heap above 4GB virtual address.
# This output file may be truncated or incomplete.
#
#  Out of Memory Error (arena.cpp:168), pid=17428, tid=20896
#
# JRE version: OpenJDK Runtime Environment Temurin-21.0.11+10 (21.0.11+10) (build 21.0.11+10-LTS)
# Java VM: OpenJDK 64-Bit Server VM Temurin-21.0.11+10 (21.0.11+10-LTS, mixed mode, sharing, tiered, compressed oops, compressed class ptrs, parallel gc, windows-amd64)
# No core dump will be written. Minidumps are not enabled by default on client versions of Windows
#

---------------  S U M M A R Y ------------

Command Line: --add-modules=ALL-SYSTEM --add-opens=java.base/java.util=ALL-UNNAMED --add-opens=java.base/java.lang=ALL-UNNAMED --add-opens=java.base/sun.nio.fs=ALL-UNNAMED -Declipse.application=org.eclipse.jdt.ls.core.id1 -Dosgi.bundles.defaultStartLevel=4 -Declipse.product=org.eclipse.jdt.ls.core.product -Djava.import.generatesMetadataFilesAtProjectRoot=false -DDetectVMInstallationsJob.disabled=true -Dfile.encoding=utf8 -XX:+UseParallelGC -XX:GCTimeRatio=4 -XX:AdaptiveSizePolicyWeight=90 -Dsun.zip.disableMemoryMapping=true -Xmx2G -Xms100m -Xlog:disable -javaagent:c:\Users\sheby\.antigravity-ide\extensions\redhat.java-1.55.0-win32-x64\lombok\lombok-1.18.39-4050.jar -XX:+HeapDumpOnOutOfMemoryError -XX:HeapDumpPath=c:\Users\sheby\AppData\Roaming\Antigravity IDE\User\workspaceStorage\807e66dc253d521f8b719599702dc12f\redhat.java -Daether.dependencyCollector.impl=bf c:\Users\sheby\.antigravity-ide\extensions\redhat.java-1.55.0-win32-x64\server\plugins\org.eclipse.equinox.launcher_1.7.200.v20260619-2039.jar -configuration c:\Users\sheby\AppData\Roaming\Antigravity IDE\User\globalStorage\redhat.java\1.55.0\config_win -data c:\Users\sheby\AppData\Roaming\Antigravity IDE\User\workspaceStorage\807e66dc253d521f8b719599702dc12f\redhat.java\jdt_ws --pipe=\\.\pipe\lsp-e2106955504582f9737703206a3c0aa2-sock

Host: Intel(R) Core(TM) M-5Y71 CPU @ 1.20GHz, 4 cores, 7G,  Windows 11 , 64 bit Build 26100 (10.0.26100.8521)
Time: Mon Jul 13 14:50:00 2026 E. Africa Standard Time elapsed time: 143.640686 seconds (0d 0h 2m 23s)

---------------  T H R E A D  ---------------

Current thread (0x0000015c96301430):  JavaThread "C1 CompilerThread0" daemon [_thread_in_native, id=20896, stack(0x0000002907000000,0x0000002907100000) (1024K)]


Current CompileTask:
C1:143641 8740       3       org.eclipse.jdt.internal.compiler.parser.Parser::consumeRule (7843 bytes)

Stack: [0x0000002907000000,0x0000002907100000]
Native frames: (J=compiled Java code, j=interpreted, Vv=VM code, C=native code)
V  [jvm.dll+0x6d7e19]
V  [jvm.dll+0x8b5096]
V  [jvm.dll+0x8b764e]
V  [jvm.dll+0x8b7d33]
V  [jvm.dll+0x284596]
V  [jvm.dll+0xc685d]
V  [jvm.dll+0xc6da1]
V  [jvm.dll+0x15aab4]
V  [jvm.dll+0x15afd3]
V  [jvm.dll+0x16aec8]
V  [jvm.dll+0x1569e5]
V  [jvm.dll+0x156d32]
V  [jvm.dll+0x156fe4]
V  [jvm.dll+0x1563fc]
V  [jvm.dll+0x15818d]
V  [jvm.dll+0x25baad]
V  [jvm.dll+0x25a03a]
V  [jvm.dll+0x3f868e]
V  [jvm.dll+0x85fb0d]
V  [jvm.dll+0x6d664d]
C  [ucrtbase.dll+0x2cd30]
C  [KERNEL32.DLL+0x2e957]
C  [ntdll.dll+0x87c1c]


---------------  P R O C E S S  ---------------

Threads class SMR info:
_java_thread_list=0x0000015cdd04bc30, length=44, elements={
0x0000015cfecabc50, 0x0000015cfed6b5d0, 0x0000015c9627ff50, 0x0000015c96282070,
0x0000015c96282c00, 0x0000015c962839c0, 0x0000015c96284420, 0x0000015c962871c0,
0x0000015c96301430, 0x0000015cdc1b52b0, 0x0000015cdc28c450, 0x0000015cdc086fb0,
0x0000015cdc7eb340, 0x0000015cdc943250, 0x0000015cdc9be840, 0x0000015cdcf219f0,
0x0000015cdcf21360, 0x0000015cdcf23ac0, 0x0000015cdcf22080, 0x0000015cdcf22710,
0x0000015cdcf22da0, 0x0000015cdcf23430, 0x0000015cdcf24150, 0x0000015cdeca62e0,
0x0000015cdeca7000, 0x0000015cdeca6970, 0x0000015cdeca7690, 0x0000015cdeca5c50,
0x0000015cdeca7d20, 0x0000015cdeca55c0, 0x0000015cdeca9df0, 0x0000015cdeca8a40,
0x0000015cdecaa480, 0x0000015cdeca9760, 0x0000015cdeca90d0, 0x0000015cdecab830,
0x0000015cdecaab10, 0x0000015cdecf7200, 0x0000015cdecf7f20, 0x0000015cdecf92d0,
0x0000015cdecf5e50, 0x0000015cdecf7890, 0x0000015cdecf6b70, 0x0000015cdecf64e0
}

Java Threads: ( => current thread )
  0x0000015cfecabc50 JavaThread "main"                              [_thread_blocked, id=19572, stack(0x0000002906500000,0x0000002906600000) (1024K)]
  0x0000015cfed6b5d0 JavaThread "Reference Handler"          daemon [_thread_blocked, id=6936, stack(0x0000002906900000,0x0000002906a00000) (1024K)]
  0x0000015c9627ff50 JavaThread "Finalizer"                  daemon [_thread_blocked, id=16616, stack(0x0000002906a00000,0x0000002906b00000) (1024K)]
  0x0000015c96282070 JavaThread "Signal Dispatcher"          daemon [_thread_blocked, id=5748, stack(0x0000002906b00000,0x0000002906c00000) (1024K)]
  0x0000015c96282c00 JavaThread "Attach Listener"            daemon [_thread_blocked, id=12356, stack(0x0000002906c00000,0x0000002906d00000) (1024K)]
  0x0000015c962839c0 JavaThread "Service Thread"             daemon [_thread_blocked, id=22004, stack(0x0000002906d00000,0x0000002906e00000) (1024K)]
  0x0000015c96284420 JavaThread "Monitor Deflation Thread"   daemon [_thread_blocked, id=14492, stack(0x0000002906e00000,0x0000002906f00000) (1024K)]
  0x0000015c962871c0 JavaThread "C2 CompilerThread0"         daemon [_thread_blocked, id=15980, stack(0x0000002906f00000,0x0000002907000000) (1024K)]
=>0x0000015c96301430 JavaThread "C1 CompilerThread0"         daemon [_thread_in_native, id=20896, stack(0x0000002907000000,0x0000002907100000) (1024K)]
  0x0000015cdc1b52b0 JavaThread "Common-Cleaner"             daemon [_thread_blocked, id=3780, stack(0x0000002907100000,0x0000002907200000) (1024K)]
  0x0000015cdc28c450 JavaThread "Notification Thread"        daemon [_thread_blocked, id=18148, stack(0x0000002907200000,0x0000002907300000) (1024K)]
  0x0000015cdc086fb0 JavaThread "Active Thread: Equinox Container: 5226e8da-2526-4000-b4fc-deda6fcd66ab"        [_thread_blocked, id=11132, stack(0x0000002907a00000,0x0000002907b00000) (1024K)]
  0x0000015cdc7eb340 JavaThread "Framework Event Dispatcher: Equinox Container: 5226e8da-2526-4000-b4fc-deda6fcd66ab" daemon [_thread_blocked, id=6800, stack(0x0000002907b00000,0x0000002907c00000) (1024K)]
  0x0000015cdc943250 JavaThread "Start Level: Equinox Container: 5226e8da-2526-4000-b4fc-deda6fcd66ab" daemon [_thread_blocked, id=20620, stack(0x0000002907c00000,0x0000002907d00000) (1024K)]
  0x0000015cdc9be840 JavaThread "Bundle File Closer"         daemon [_thread_blocked, id=15688, stack(0x0000002907d00000,0x0000002907e00000) (1024K)]
  0x0000015cdcf219f0 JavaThread "Refresh Thread: Equinox Container: 5226e8da-2526-4000-b4fc-deda6fcd66ab" daemon [_thread_blocked, id=12576, stack(0x0000002907e00000,0x0000002907f00000) (1024K)]
  0x0000015cdcf21360 JavaThread "SCR Component Actor"        daemon [_thread_blocked, id=4000, stack(0x0000002906300000,0x0000002906400000) (1024K)]
  0x0000015cdcf23ac0 JavaThread "Worker-JM"                         [_thread_blocked, id=17476, stack(0x0000002906400000,0x0000002906500000) (1024K)]
  0x0000015cdcf22080 JavaThread "JNA Cleaner"                daemon [_thread_blocked, id=22912, stack(0x0000002907800000,0x0000002907900000) (1024K)]
  0x0000015cdcf22710 JavaThread "Worker-0"                          [_thread_blocked, id=19752, stack(0x0000002907900000,0x0000002907a00000) (1024K)]
  0x0000015cdcf22da0 JavaThread "Worker-1: Building"                [_thread_in_native, id=19692, stack(0x0000002907f00000,0x0000002908000000) (1024K)]
  0x0000015cdcf23430 JavaThread "Worker-2"                          [_thread_blocked, id=20420, stack(0x0000002908000000,0x0000002908100000) (1024K)]
  0x0000015cdcf24150 JavaThread "Worker-3"                          [_thread_blocked, id=5936, stack(0x0000002908100000,0x0000002908200000) (1024K)]
  0x0000015cdeca62e0 JavaThread "Java indexing"              daemon [_thread_blocked, id=19404, stack(0x0000002908300000,0x0000002908400000) (1024K)]
  0x0000015cdeca7000 JavaThread "Worker-4"                          [_thread_blocked, id=19904, stack(0x0000002908400000,0x0000002908500000) (1024K)]
  0x0000015cdeca6970 JavaThread "Worker-5"                          [_thread_blocked, id=14532, stack(0x0000002908700000,0x0000002908800000) (1024K)]
  0x0000015cdeca7690 JavaThread "Thread-1"                   daemon [_thread_in_native, id=10492, stack(0x0000002908800000,0x0000002908900000) (1024K)]
  0x0000015cdeca5c50 JavaThread "Thread-2"                   daemon [_thread_in_native, id=14496, stack(0x0000002908900000,0x0000002908a00000) (1024K)]
  0x0000015cdeca7d20 JavaThread "Thread-3"                   daemon [_thread_in_native, id=19520, stack(0x0000002908a00000,0x0000002908b00000) (1024K)]
  0x0000015cdeca55c0 JavaThread "Thread-4"                   daemon [_thread_in_native, id=20640, stack(0x0000002908b00000,0x0000002908c00000) (1024K)]
  0x0000015cdeca9df0 JavaThread "Thread-5"                   daemon [_thread_in_native, id=20316, stack(0x0000002908c00000,0x0000002908d00000) (1024K)]
  0x0000015cdeca8a40 JavaThread "pool-2-thread-1"                   [_thread_blocked, id=22796, stack(0x0000002908d00000,0x0000002908e00000) (1024K)]
  0x0000015cdecaa480 JavaThread "WorkspaceEventsHandler"            [_thread_blocked, id=19888, stack(0x0000002908e00000,0x0000002908f00000) (1024K)]
  0x0000015cdeca9760 JavaThread "pool-1-thread-1"                   [_thread_in_native, id=14160, stack(0x0000002908f00000,0x0000002909000000) (1024K)]
  0x0000015cdeca90d0 JavaThread "PatternSearchJob-worker-1"  daemon [_thread_blocked, id=3460, stack(0x0000002909000000,0x0000002909100000) (1024K)]
  0x0000015cdecab830 JavaThread "PatternSearchJob-worker-2"  daemon [_thread_blocked, id=21408, stack(0x0000002909100000,0x0000002909200000) (1024K)]
  0x0000015cdecaab10 JavaThread "PatternSearchJob-worker-3"  daemon [_thread_blocked, id=4208, stack(0x0000002909200000,0x0000002909300000) (1024K)]
  0x0000015cdecf7200 JavaThread "LocalFile Deleter"          daemon [_thread_blocked, id=22132, stack(0x0000002908200000,0x0000002908300000) (1024K)]
  0x0000015cdecf7f20 JavaThread "Keep-Alive-Timer"           daemon [_thread_blocked, id=4896, stack(0x0000002909400000,0x0000002909500000) (1024K)]
  0x0000015cdecf92d0 JavaThread "LocalFile Deleter"          daemon [_thread_blocked, id=13544, stack(0x0000002909500000,0x0000002909600000) (1024K)]
  0x0000015cdecf5e50 JavaThread "LocalFile Deleter"          daemon [_thread_blocked, id=8388, stack(0x0000002909600000,0x0000002909700000) (1024K)]
  0x0000015cdecf7890 JavaThread "LocalFile Deleter"          daemon [_thread_blocked, id=22492, stack(0x0000002909700000,0x0000002909800000) (1024K)]
  0x0000015cdecf6b70 JavaThread "Compiler Source File Reader" daemon [_thread_blocked, id=13496, stack(0x0000002909900000,0x0000002909a00000) (1024K)]
  0x0000015cdecf64e0 JavaThread "Compiler Source File Reader" daemon [_thread_blocked, id=20248, stack(0x0000002909a00000,0x0000002909b00000) (1024K)]
Total: 44

Other Threads:
  0x0000015cfed4ef10 VMThread "VM Thread"                           [id=16952, stack(0x0000002906800000,0x0000002906900000) (1024K)]
  0x0000015c9621ca00 WatcherThread "VM Periodic Task Thread"        [id=12648, stack(0x0000002906700000,0x0000002906800000) (1024K)]
  0x0000015cfeccb260 WorkerThread "GC Thread#0"                     [id=6736, stack(0x0000002906600000,0x0000002906700000) (1024K)]
  0x0000015cdc43f070 WorkerThread "GC Thread#1"                     [id=11040, stack(0x0000002907300000,0x0000002907400000) (1024K)]
  0x0000015cdc43f420 WorkerThread "GC Thread#2"                     [id=13784, stack(0x0000002907400000,0x0000002907500000) (1024K)]
  0x0000015cdc37a660 WorkerThread "GC Thread#3"                     [id=16340, stack(0x0000002907500000,0x0000002907600000) (1024K)]
Total: 6

Threads with active compile tasks:
C1 CompilerThread0  143735 8740       3       org.eclipse.jdt.internal.compiler.parser.Parser::consumeRule (7843 bytes)
Total: 1

VM state: not at safepoint (normal execution)

VM Mutex/Monitor currently owned by a thread: None

Heap address: 0x0000000080000000, size: 2048 MB, Compressed Oops mode: 32-bit

CDS archive(s) mapped at: [0x0000015c97000000-0x0000015c97ba0000-0x0000015c97ba0000), size 12189696, SharedBaseAddress: 0x0000015c97000000, ArchiveRelocationMode: 1.
Compressed class space mapped at: 0x0000015c98000000-0x0000015cd8000000, reserved size: 1073741824
Narrow klass base: 0x0000015c97000000, Narrow klass shift: 0, Narrow klass range: 0x100000000

GC Precious Log:
 CardTable entry size: 512
 CPUs: 4 total, 4 available
 Memory: 8099M
 Large Page Support: Disabled
 NUMA Support: Disabled
 Compressed Oops: Enabled (32-bit)
 Alignments: Space 512K, Generation 512K, Heap 2M
 Heap Min Capacity: 100M
 Heap Initial Capacity: 100M
 Heap Max Capacity: 2G
 Pre-touch: Disabled
 Parallel Workers: 4

Heap:
 PSYoungGen      total 15360K, used 10334K [0x00000000d5580000, 0x00000000d6b00000, 0x0000000100000000)
  eden space 13824K, 63% used [0x00000000d5580000,0x00000000d5e1c9a0,0x00000000d6300000)
  from space 1536K, 98% used [0x00000000d6680000,0x00000000d67faf38,0x00000000d6800000)
  to   space 3584K, 0% used [0x00000000d6300000,0x00000000d6300000,0x00000000d6680000)
 ParOldGen       total 68608K, used 57493K [0x0000000080000000, 0x0000000084300000, 0x00000000d5580000)
  object space 68608K, 83% used [0x0000000080000000,0x0000000083825600,0x0000000084300000)
 Metaspace       used 57939K, committed 59264K, reserved 1114112K
  class space    used 6304K, committed 6848K, reserved 1048576K

Card table byte_map: [0x0000015cfe680000,0x0000015cfea90000] _byte_map_base: 0x0000015cfe280000

Marking Bits: (ParMarkBitMap*) 0x00007ffac5224460
 Begin Bits: [0x0000015c92140000, 0x0000015c94140000)
 End Bits:   [0x0000015c94140000, 0x0000015c96140000)

Polling page: 0x0000015cfe470000

Metaspace:

Usage:
  Non-class:     50.42 MB used.
      Class:      6.16 MB used.
       Both:     56.58 MB used.

Virtual space:
  Non-class space:       64.00 MB reserved,      51.19 MB ( 80%) committed,  1 nodes.
      Class space:        1.00 GB reserved,       6.69 MB ( <1%) committed,  1 nodes.
             Both:        1.06 GB reserved,      57.88 MB (  5%) committed. 

Chunk freelists:
   Non-Class:  12.26 MB
       Class:  9.36 MB
        Both:  21.62 MB

MaxMetaspaceSize: unlimited
CompressedClassSpaceSize: 1.00 GB
Initial GC threshold: 21.00 MB
Current GC threshold: 58.38 MB
CDS: on
 - commit_granule_bytes: 65536.
 - commit_granule_words: 8192.
 - virtual_space_node_default_size: 8388608.
 - enlarge_chunks_in_place: 1.
 - use_allocation_guard: 0.


Internal statistics:

num_allocs_failed_limit: 6.
num_arena_births: 1030.
num_arena_deaths: 14.
num_vsnodes_births: 2.
num_vsnodes_deaths: 0.
num_space_committed: 926.
num_space_uncommitted: 0.
num_chunks_returned_to_freelist: 20.
num_chunks_taken_from_freelist: 3529.
num_chunk_merges: 10.
num_chunk_splits: 2166.
num_chunks_enlarged: 1165.
num_inconsistent_stats: 0.

CodeHeap 'non-profiled nmethods': size=120000Kb used=4853Kb max_used=4853Kb free=115146Kb
 bounds [0x0000015c8ac10000, 0x0000015c8b0d0000, 0x0000015c92140000]
CodeHeap 'profiled nmethods': size=120000Kb used=17187Kb max_used=17187Kb free=102812Kb
 bounds [0x0000015c83140000, 0x0000015c84210000, 0x0000015c8a670000]
CodeHeap 'non-nmethods': size=5760Kb used=1426Kb max_used=1462Kb free=4333Kb
 bounds [0x0000015c8a670000, 0x0000015c8a8e0000, 0x0000015c8ac10000]
CodeCache: size=245760Kb, used=23466Kb, max_used=23502Kb, free=222291Kb
 total_blobs=8735, nmethods=7999, adapters=642, full_count=0
Compilation: enabled, stopped_count=0, restarted_count=0

Compilation events (20 events):
Event: 143.000 Thread 0x0000015c962871c0 8733       4       java.util.stream.ReferencePipeline$3$1::accept (23 bytes)
Event: 143.000 Thread 0x0000015c96301430 nmethod 8730 0x0000015c84206590 code [0x0000015c84206760, 0x0000015c84206a78]
Event: 143.000 Thread 0x0000015c96301430 8731       3       org.eclipse.jdt.internal.core.builder.ClasspathMultiReleaseJar::lambda$1 (8 bytes)
Event: 143.000 Thread 0x0000015c96301430 nmethod 8731 0x0000015c84206b90 code [0x0000015c84206d40, 0x0000015c84206ee8]
Event: 143.002 Thread 0x0000015c962871c0 nmethod 8733 0x0000015c8b0ccf10 code [0x0000015c8b0cd0a0, 0x0000015c8b0cd190]
Event: 143.009 Thread 0x0000015c96301430 8734       3       org.eclipse.osgi.framework.util.ArrayMap::getValue (11 bytes)
Event: 143.009 Thread 0x0000015c96301430 nmethod 8734 0x0000015c84207010 code [0x0000015c842071c0, 0x0000015c84207398]
Event: 143.035 Thread 0x0000015c96301430 8735       3       org.eclipse.jdt.internal.compiler.parser.Scanner::getCurrentIdentifierSource (66 bytes)
Event: 143.036 Thread 0x0000015c96301430 nmethod 8735 0x0000015c84207490 code [0x0000015c84207660, 0x0000015c842079b8]
Event: 143.036 Thread 0x0000015c96301430 8736       3       org.eclipse.jdt.internal.compiler.parser.Scanner::areRestrictedModuleKeywordsActive (21 bytes)
Event: 143.037 Thread 0x0000015c96301430 nmethod 8736 0x0000015c84207a90 code [0x0000015c84207c40, 0x0000015c84207df0]
Event: 143.037 Thread 0x0000015c96301430 8737       3       org.eclipse.jdt.internal.compiler.parser.Parser::tAction (35 bytes)
Event: 143.037 Thread 0x0000015c96301430 nmethod 8737 0x0000015c84207e90 code [0x0000015c84208040, 0x0000015c84208210]
Event: 143.037 Thread 0x0000015c96301430 8738       3       org.eclipse.jdt.internal.compiler.parser.Parser::actFromTokenOrSynthetic (12 bytes)
Event: 143.038 Thread 0x0000015c96301430 nmethod 8738 0x0000015c84208390 code [0x0000015c84208540, 0x0000015c842087b0]
Event: 143.038 Thread 0x0000015c96301430 8739       3       org.eclipse.jdt.internal.compiler.parser.Parser::ntAction (8 bytes)
Event: 143.038 Thread 0x0000015c96301430 nmethod 8739 0x0000015c84208990 code [0x0000015c84208b40, 0x0000015c84208c68]
Event: 143.038 Thread 0x0000015c96301430 8740       3       org.eclipse.jdt.internal.compiler.parser.Parser::consumeRule (7843 bytes)
Event: 143.042 Thread 0x0000015c962871c0 8746       4       org.eclipse.jdt.core.compiler.CharOperation::equals (6 bytes)
Event: 143.043 Thread 0x0000015c962871c0 nmethod 8746 0x0000015c8b0cd290 code [0x0000015c8b0cd400, 0x0000015c8b0cd540]

GC Heap History (20 events):
Event: 132.666 GC heap before
{Heap before GC invocations=29 (full 2):
 PSYoungGen      total 18944K, used 18923K [0x00000000d5580000, 0x00000000d7100000, 0x0000000100000000)
  eden space 16896K, 100% used [0x00000000d5580000,0x00000000d6600000,0x00000000d6600000)
  from space 2048K, 98% used [0x00000000d6b00000,0x00000000d6cfac98,0x00000000d6d00000)
  to   space 5120K, 0% used [0x00000000d6600000,0x00000000d6600000,0x00000000d6b00000)
 ParOldGen       total 68608K, used 42628K [0x0000000080000000, 0x0000000084300000, 0x00000000d5580000)
  object space 68608K, 62% used [0x0000000080000000,0x00000000829a11a0,0x0000000084300000)
 Metaspace       used 52311K, committed 53696K, reserved 1114112K
  class space    used 5698K, committed 6272K, reserved 1048576K
}
Event: 132.677 GC heap after
{Heap after GC invocations=29 (full 2):
 PSYoungGen      total 18432K, used 1504K [0x00000000d5580000, 0x00000000d6b80000, 0x0000000100000000)
  eden space 16896K, 0% used [0x00000000d5580000,0x00000000d5580000,0x00000000d6600000)
  from space 1536K, 97% used [0x00000000d6600000,0x00000000d6778000,0x00000000d6780000)
  to   space 2560K, 0% used [0x00000000d6900000,0x00000000d6900000,0x00000000d6b80000)
 ParOldGen       total 68608K, used 43524K [0x0000000080000000, 0x0000000084300000, 0x00000000d5580000)
  object space 68608K, 63% used [0x0000000080000000,0x0000000082a811a0,0x0000000084300000)
 Metaspace       used 52311K, committed 53696K, reserved 1114112K
  class space    used 5698K, committed 6272K, reserved 1048576K
}
Event: 133.484 GC heap before
{Heap before GC invocations=30 (full 2):
 PSYoungGen      total 18432K, used 18400K [0x00000000d5580000, 0x00000000d6b80000, 0x0000000100000000)
  eden space 16896K, 100% used [0x00000000d5580000,0x00000000d6600000,0x00000000d6600000)
  from space 1536K, 97% used [0x00000000d6600000,0x00000000d6778000,0x00000000d6780000)
  to   space 2560K, 0% used [0x00000000d6900000,0x00000000d6900000,0x00000000d6b80000)
 ParOldGen       total 68608K, used 43524K [0x0000000080000000, 0x0000000084300000, 0x00000000d5580000)
  object space 68608K, 63% used [0x0000000080000000,0x0000000082a811a0,0x0000000084300000)
 Metaspace       used 52534K, committed 53888K, reserved 1114112K
  class space    used 5721K, committed 6272K, reserved 1048576K
}
Event: 133.497 GC heap after
{Heap after GC invocations=30 (full 2):
 PSYoungGen      total 18944K, used 1741K [0x00000000d5580000, 0x00000000d6b00000, 0x0000000100000000)
  eden space 16896K, 0% used [0x00000000d5580000,0x00000000d5580000,0x00000000d6600000)
  from space 2048K, 85% used [0x00000000d6900000,0x00000000d6ab37f8,0x00000000d6b00000)
  to   space 2048K, 0% used [0x00000000d6700000,0x00000000d6700000,0x00000000d6900000)
 ParOldGen       total 68608K, used 44929K [0x0000000080000000, 0x0000000084300000, 0x00000000d5580000)
  object space 68608K, 65% used [0x0000000080000000,0x0000000082be0450,0x0000000084300000)
 Metaspace       used 52534K, committed 53888K, reserved 1114112K
  class space    used 5721K, committed 6272K, reserved 1048576K
}
Event: 134.336 GC heap before
{Heap before GC invocations=31 (full 2):
 PSYoungGen      total 18944K, used 18637K [0x00000000d5580000, 0x00000000d6b00000, 0x0000000100000000)
  eden space 16896K, 100% used [0x00000000d5580000,0x00000000d6600000,0x00000000d6600000)
  from space 2048K, 85% used [0x00000000d6900000,0x00000000d6ab37f8,0x00000000d6b00000)
  to   space 2048K, 0% used [0x00000000d6700000,0x00000000d6700000,0x00000000d6900000)
 ParOldGen       total 68608K, used 44929K [0x0000000080000000, 0x0000000084300000, 0x00000000d5580000)
  object space 68608K, 65% used [0x0000000080000000,0x0000000082be0450,0x0000000084300000)
 Metaspace       used 53058K, committed 54400K, reserved 1114112K
  class space    used 5786K, committed 6336K, reserved 1048576K
}
Event: 134.344 GC heap after
{Heap after GC invocations=31 (full 2):
 PSYoungGen      total 18944K, used 1776K [0x00000000d5580000, 0x00000000d6a00000, 0x0000000100000000)
  eden space 16896K, 0% used [0x00000000d5580000,0x00000000d5580000,0x00000000d6600000)
  from space 2048K, 86% used [0x00000000d6700000,0x00000000d68bc030,0x00000000d6900000)
  to   space 1024K, 0% used [0x00000000d6900000,0x00000000d6900000,0x00000000d6a00000)
 ParOldGen       total 68608K, used 46605K [0x0000000080000000, 0x0000000084300000, 0x00000000d5580000)
  object space 68608K, 67% used [0x0000000080000000,0x0000000082d83700,0x0000000084300000)
 Metaspace       used 53058K, committed 54400K, reserved 1114112K
  class space    used 5786K, committed 6336K, reserved 1048576K
}
Event: 135.125 GC heap before
{Heap before GC invocations=32 (full 2):
 PSYoungGen      total 18944K, used 18672K [0x00000000d5580000, 0x00000000d6a00000, 0x0000000100000000)
  eden space 16896K, 100% used [0x00000000d5580000,0x00000000d6600000,0x00000000d6600000)
  from space 2048K, 86% used [0x00000000d6700000,0x00000000d68bc030,0x00000000d6900000)
  to   space 1024K, 0% used [0x00000000d6900000,0x00000000d6900000,0x00000000d6a00000)
 ParOldGen       total 68608K, used 46605K [0x0000000080000000, 0x0000000084300000, 0x00000000d5580000)
  object space 68608K, 67% used [0x0000000080000000,0x0000000082d83700,0x0000000084300000)
 Metaspace       used 53106K, committed 54464K, reserved 1114112K
  class space    used 5789K, committed 6336K, reserved 1048576K
}
Event: 135.136 GC heap after
{Heap after GC invocations=32 (full 2):
 PSYoungGen      total 17408K, used 1004K [0x00000000d5580000, 0x00000000d6d00000, 0x0000000100000000)
  eden space 16384K, 0% used [0x00000000d5580000,0x00000000d5580000,0x00000000d6580000)
  from space 1024K, 98% used [0x00000000d6900000,0x00000000d69fb308,0x00000000d6a00000)
  to   space 3584K, 0% used [0x00000000d6580000,0x00000000d6580000,0x00000000d6900000)
 ParOldGen       total 68608K, used 48688K [0x0000000080000000, 0x0000000084300000, 0x00000000d5580000)
  object space 68608K, 70% used [0x0000000080000000,0x0000000082f8c110,0x0000000084300000)
 Metaspace       used 53106K, committed 54464K, reserved 1114112K
  class space    used 5789K, committed 6336K, reserved 1048576K
}
Event: 135.536 GC heap before
{Heap before GC invocations=33 (full 2):
 PSYoungGen      total 17408K, used 17388K [0x00000000d5580000, 0x00000000d6d00000, 0x0000000100000000)
  eden space 16384K, 100% used [0x00000000d5580000,0x00000000d6580000,0x00000000d6580000)
  from space 1024K, 98% used [0x00000000d6900000,0x00000000d69fb308,0x00000000d6a00000)
  to   space 3584K, 0% used [0x00000000d6580000,0x00000000d6580000,0x00000000d6900000)
 ParOldGen       total 68608K, used 48688K [0x0000000080000000, 0x0000000084300000, 0x00000000d5580000)
  object space 68608K, 70% used [0x0000000080000000,0x0000000082f8c110,0x0000000084300000)
 Metaspace       used 53137K, committed 54464K, reserved 1114112K
  class space    used 5791K, committed 6336K, reserved 1048576K
}
Event: 135.542 GC heap after
{Heap after GC invocations=33 (full 2):
 PSYoungGen      total 17920K, used 1480K [0x00000000d5580000, 0x00000000d6a80000, 0x0000000100000000)
  eden space 16384K, 0% used [0x00000000d5580000,0x00000000d5580000,0x00000000d6580000)
  from space 1536K, 96% used [0x00000000d6580000,0x00000000d66f2230,0x00000000d6700000)
  to   space 2560K, 0% used [0x00000000d6800000,0x00000000d6800000,0x00000000d6a80000)
 ParOldGen       total 68608K, used 49698K [0x0000000080000000, 0x0000000084300000, 0x00000000d5580000)
  object space 68608K, 72% used [0x0000000080000000,0x0000000083088878,0x0000000084300000)
 Metaspace       used 53137K, committed 54464K, reserved 1114112K
  class space    used 5791K, committed 6336K, reserved 1048576K
}
Event: 135.976 GC heap before
{Heap before GC invocations=34 (full 2):
 PSYoungGen      total 17920K, used 17864K [0x00000000d5580000, 0x00000000d6a80000, 0x0000000100000000)
  eden space 16384K, 100% used [0x00000000d5580000,0x00000000d6580000,0x00000000d6580000)
  from space 1536K, 96% used [0x00000000d6580000,0x00000000d66f2230,0x00000000d6700000)
  to   space 2560K, 0% used [0x00000000d6800000,0x00000000d6800000,0x00000000d6a80000)
 ParOldGen       total 68608K, used 49698K [0x0000000080000000, 0x0000000084300000, 0x00000000d5580000)
  object space 68608K, 72% used [0x0000000080000000,0x0000000083088878,0x0000000084300000)
 Metaspace       used 53187K, committed 54592K, reserved 1114112K
  class space    used 5794K, committed 6336K, reserved 1048576K
}
Event: 135.982 GC heap after
{Heap after GC invocations=34 (full 2):
 PSYoungGen      total 18432K, used 1811K [0x00000000d5580000, 0x00000000d6a00000, 0x0000000100000000)
  eden space 16384K, 0% used [0x00000000d5580000,0x00000000d5580000,0x00000000d6580000)
  from space 2048K, 88% used [0x00000000d6800000,0x00000000d69c4f60,0x00000000d6a00000)
  to   space 2048K, 0% used [0x00000000d6600000,0x00000000d6600000,0x00000000d6800000)
 ParOldGen       total 68608K, used 51111K [0x0000000080000000, 0x0000000084300000, 0x00000000d5580000)
  object space 68608K, 74% used [0x0000000080000000,0x00000000831e9d28,0x0000000084300000)
 Metaspace       used 53187K, committed 54592K, reserved 1114112K
  class space    used 5794K, committed 6336K, reserved 1048576K
}
Event: 137.062 GC heap before
{Heap before GC invocations=35 (full 2):
 PSYoungGen      total 18432K, used 17959K [0x00000000d5580000, 0x00000000d6a00000, 0x0000000100000000)
  eden space 16384K, 98% used [0x00000000d5580000,0x00000000d6544ed8,0x00000000d6580000)
  from space 2048K, 88% used [0x00000000d6800000,0x00000000d69c4f60,0x00000000d6a00000)
  to   space 2048K, 0% used [0x00000000d6600000,0x00000000d6600000,0x00000000d6800000)
 ParOldGen       total 68608K, used 51111K [0x0000000080000000, 0x0000000084300000, 0x00000000d5580000)
  object space 68608K, 74% used [0x0000000080000000,0x00000000831e9d28,0x0000000084300000)
 Metaspace       used 55288K, committed 56640K, reserved 1114112K
  class space    used 6002K, committed 6528K, reserved 1048576K
}
Event: 137.068 GC heap after
{Heap after GC invocations=35 (full 2):
 PSYoungGen      total 17920K, used 1066K [0x00000000d5580000, 0x00000000d6880000, 0x0000000100000000)
  eden space 16384K, 0% used [0x00000000d5580000,0x00000000d5580000,0x00000000d6580000)
  from space 1536K, 69% used [0x00000000d6600000,0x00000000d670a928,0x00000000d6780000)
  to   space 1024K, 0% used [0x00000000d6780000,0x00000000d6780000,0x00000000d6880000)
 ParOldGen       total 68608K, used 53363K [0x0000000080000000, 0x0000000084300000, 0x00000000d5580000)
  object space 68608K, 77% used [0x0000000080000000,0x000000008341cee8,0x0000000084300000)
 Metaspace       used 55288K, committed 56640K, reserved 1114112K
  class space    used 6002K, committed 6528K, reserved 1048576K
}
Event: 139.116 GC heap before
{Heap before GC invocations=36 (full 2):
 PSYoungGen      total 17920K, used 17450K [0x00000000d5580000, 0x00000000d6880000, 0x0000000100000000)
  eden space 16384K, 100% used [0x00000000d5580000,0x00000000d6580000,0x00000000d6580000)
  from space 1536K, 69% used [0x00000000d6600000,0x00000000d670a928,0x00000000d6780000)
  to   space 1024K, 0% used [0x00000000d6780000,0x00000000d6780000,0x00000000d6880000)
 ParOldGen       total 68608K, used 53363K [0x0000000080000000, 0x0000000084300000, 0x00000000d5580000)
  object space 68608K, 77% used [0x0000000080000000,0x000000008341cee8,0x0000000084300000)
 Metaspace       used 56223K, committed 57536K, reserved 1114112K
  class space    used 6136K, committed 6656K, reserved 1048576K
}
Event: 139.127 GC heap after
{Heap after GC invocations=36 (full 2):
 PSYoungGen      total 15872K, used 1003K [0x00000000d5580000, 0x00000000d6c80000, 0x0000000100000000)
  eden space 14848K, 0% used [0x00000000d5580000,0x00000000d5580000,0x00000000d6400000)
  from space 1024K, 98% used [0x00000000d6780000,0x00000000d687af68,0x00000000d6880000)
  to   space 3584K, 0% used [0x00000000d6400000,0x00000000d6400000,0x00000000d6780000)
 ParOldGen       total 68608K, used 55210K [0x0000000080000000, 0x0000000084300000, 0x00000000d5580000)
  object space 68608K, 80% used [0x0000000080000000,0x00000000835eaa00,0x0000000084300000)
 Metaspace       used 56223K, committed 57536K, reserved 1114112K
  class space    used 6136K, committed 6656K, reserved 1048576K
}
Event: 140.515 GC heap before
{Heap before GC invocations=37 (full 2):
 PSYoungGen      total 15872K, used 15851K [0x00000000d5580000, 0x00000000d6c80000, 0x0000000100000000)
  eden space 14848K, 100% used [0x00000000d5580000,0x00000000d6400000,0x00000000d6400000)
  from space 1024K, 98% used [0x00000000d6780000,0x00000000d687af68,0x00000000d6880000)
  to   space 3584K, 0% used [0x00000000d6400000,0x00000000d6400000,0x00000000d6780000)
 ParOldGen       total 68608K, used 55210K [0x0000000080000000, 0x0000000084300000, 0x00000000d5580000)
  object space 68608K, 80% used [0x0000000080000000,0x00000000835eaa00,0x0000000084300000)
 Metaspace       used 56948K, committed 58240K, reserved 1114112K
  class space    used 6213K, committed 6720K, reserved 1048576K
}
Event: 140.524 GC heap after
{Heap after GC invocations=37 (full 2):
 PSYoungGen      total 15360K, used 468K [0x00000000d5580000, 0x00000000d6800000, 0x0000000100000000)
  eden space 14848K, 0% used [0x00000000d5580000,0x00000000d5580000,0x00000000d6400000)
  from space 512K, 91% used [0x00000000d6400000,0x00000000d6475308,0x00000000d6480000)
  to   space 1536K, 0% used [0x00000000d6680000,0x00000000d6680000,0x00000000d6800000)
 ParOldGen       total 68608K, used 56205K [0x0000000080000000, 0x0000000084300000, 0x00000000d5580000)
  object space 68608K, 81% used [0x0000000080000000,0x00000000836e3458,0x0000000084300000)
 Metaspace       used 56948K, committed 58240K, reserved 1114112K
  class space    used 6213K, committed 6720K, reserved 1048576K
}
Event: 142.058 GC heap before
{Heap before GC invocations=38 (full 2):
 PSYoungGen      total 15360K, used 15316K [0x00000000d5580000, 0x00000000d6800000, 0x0000000100000000)
  eden space 14848K, 100% used [0x00000000d5580000,0x00000000d6400000,0x00000000d6400000)
  from space 512K, 91% used [0x00000000d6400000,0x00000000d6475308,0x00000000d6480000)
  to   space 1536K, 0% used [0x00000000d6680000,0x00000000d6680000,0x00000000d6800000)
 ParOldGen       total 68608K, used 56205K [0x0000000080000000, 0x0000000084300000, 0x00000000d5580000)
  object space 68608K, 81% used [0x0000000080000000,0x00000000836e3458,0x0000000084300000)
 Metaspace       used 57669K, committed 58944K, reserved 1114112K
  class space    used 6278K, committed 6784K, reserved 1048576K
}
Event: 142.062 GC heap after
{Heap after GC invocations=38 (full 2):
 PSYoungGen      total 15360K, used 1515K [0x00000000d5580000, 0x00000000d6b00000, 0x0000000100000000)
  eden space 13824K, 0% used [0x00000000d5580000,0x00000000d5580000,0x00000000d6300000)
  from space 1536K, 98% used [0x00000000d6680000,0x00000000d67faf38,0x00000000d6800000)
  to   space 3584K, 0% used [0x00000000d6300000,0x00000000d6300000,0x00000000d6680000)
 ParOldGen       total 68608K, used 57493K [0x0000000080000000, 0x0000000084300000, 0x00000000d5580000)
  object space 68608K, 83% used [0x0000000080000000,0x0000000083825600,0x0000000084300000)
 Metaspace       used 57669K, committed 58944K, reserved 1114112K
  class space    used 6278K, committed 6784K, reserved 1048576K
}

Dll operation events (12 events):
Event: 0.034 Loaded shared library c:\Users\sheby\.antigravity-ide\extensions\redhat.java-1.55.0-win32-x64\jre\21.0.11-win32-x86_64\bin\java.dll
Event: 1.249 Loaded shared library c:\Users\sheby\.antigravity-ide\extensions\redhat.java-1.55.0-win32-x64\jre\21.0.11-win32-x86_64\bin\zip.dll
Event: 1.466 Loaded shared library C:\Users\sheby\.antigravity-ide\extensions\redhat.java-1.55.0-win32-x64\jre\21.0.11-win32-x86_64\bin\instrument.dll
Event: 1.483 Loaded shared library C:\Users\sheby\.antigravity-ide\extensions\redhat.java-1.55.0-win32-x64\jre\21.0.11-win32-x86_64\bin\net.dll
Event: 1.490 Loaded shared library C:\Users\sheby\.antigravity-ide\extensions\redhat.java-1.55.0-win32-x64\jre\21.0.11-win32-x86_64\bin\nio.dll
Event: 1.568 Loaded shared library C:\Users\sheby\.antigravity-ide\extensions\redhat.java-1.55.0-win32-x64\jre\21.0.11-win32-x86_64\bin\zip.dll
Event: 1.871 Loaded shared library C:\Users\sheby\.antigravity-ide\extensions\redhat.java-1.55.0-win32-x64\jre\21.0.11-win32-x86_64\bin\jimage.dll
Event: 3.520 Loaded shared library c:\Users\sheby\.antigravity-ide\extensions\redhat.java-1.55.0-win32-x64\jre\21.0.11-win32-x86_64\bin\verify.dll
Event: 15.887 Loaded shared library C:\Users\sheby\AppData\Roaming\Antigravity IDE\User\globalStorage\redhat.java\1.55.0\config_win\org.eclipse.equinox.launcher\org.eclipse.equinox.launcher.win32.win32.x86_64_1.3.100.v20260613-0559\eclipse_11924.dll
Event: 101.073 Loaded shared library C:\Users\sheby\AppData\Local\Temp\jna-109403399\jna1455810181897081214.dll
Event: 125.353 Loaded shared library C:\Users\sheby\.antigravity-ide\extensions\redhat.java-1.55.0-win32-x64\jre\21.0.11-win32-x86_64\bin\sunmscapi.dll
Event: 128.760 Loaded shared library C:\Users\sheby\.antigravity-ide\extensions\redhat.java-1.55.0-win32-x64\jre\21.0.11-win32-x86_64\bin\extnet.dll

Deoptimization events (20 events):
Event: 142.245 Thread 0x0000015cdcf22da0 Uncommon trap: trap_request=0xffffff45 fr.pc=0x0000015c8ae4fcb4 relative=0x0000000000003274
Event: 142.245 Thread 0x0000015cdcf22da0 Uncommon trap: reason=unstable_if action=reinterpret pc=0x0000015c8ae4fcb4 method=java.util.zip.ZipFile$Source.getMetaVersion(II)I @ 53 c2
Event: 142.245 Thread 0x0000015cdcf22da0 DEOPT PACKING pc=0x0000015c8ae4fcb4 sp=0x0000002907ffdde0
Event: 142.245 Thread 0x0000015cdcf22da0 DEOPT UNPACKING pc=0x0000015c8a6c3aa2 sp=0x0000002907ffdd40 mode 2
Event: 142.516 Thread 0x0000015cdcf22da0 Uncommon trap: trap_request=0xffffff45 fr.pc=0x0000015c8af506f4 relative=0x0000000000000234
Event: 142.516 Thread 0x0000015cdcf22da0 Uncommon trap: reason=unstable_if action=reinterpret pc=0x0000015c8af506f4 method=java.util.Arrays.hashCode([C)I @ 8 c2
Event: 142.516 Thread 0x0000015cdcf22da0 DEOPT PACKING pc=0x0000015c8af506f4 sp=0x0000002907ffe4f0
Event: 142.516 Thread 0x0000015cdcf22da0 DEOPT UNPACKING pc=0x0000015c8a6c3aa2 sp=0x0000002907ffe428 mode 2
Event: 142.516 Thread 0x0000015cdcf22da0 Uncommon trap: trap_request=0xffffff45 fr.pc=0x0000015c8af50bec relative=0x000000000000022c
Event: 142.516 Thread 0x0000015cdcf22da0 Uncommon trap: reason=unstable_if action=reinterpret pc=0x0000015c8af50bec method=java.util.Arrays.hashCode([C)I @ 8 c2
Event: 142.516 Thread 0x0000015cdcf22da0 DEOPT PACKING pc=0x0000015c8af50bec sp=0x0000002907ffe480
Event: 142.516 Thread 0x0000015cdcf22da0 DEOPT UNPACKING pc=0x0000015c8a6c3aa2 sp=0x0000002907ffe420 mode 2
Event: 142.985 Thread 0x0000015cdcf22da0 Uncommon trap: trap_request=0xffffff45 fr.pc=0x0000015c8af5da58 relative=0x0000000000000858
Event: 142.985 Thread 0x0000015cdcf22da0 Uncommon trap: reason=unstable_if action=reinterpret pc=0x0000015c8af5da58 method=jdk.internal.jrtfs.JrtFileSystem.checkNode(Ljdk/internal/jrtfs/JrtPath;)Ljdk/internal/jimage/ImageReader$Node; @ 16 c2
Event: 142.985 Thread 0x0000015cdcf22da0 DEOPT PACKING pc=0x0000015c8af5da58 sp=0x0000002907ffdbc0
Event: 142.985 Thread 0x0000015cdcf22da0 DEOPT UNPACKING pc=0x0000015c8a6c3aa2 sp=0x0000002907ffdbd0 mode 2
Event: 142.985 Thread 0x0000015cdcf22da0 Uncommon trap: trap_request=0xffffff45 fr.pc=0x0000015c8af7106c relative=0x000000000000030c
Event: 142.985 Thread 0x0000015cdcf22da0 Uncommon trap: reason=unstable_if action=reinterpret pc=0x0000015c8af7106c method=jdk.internal.jimage.ImageStringsReader.stringFromByteBufferMatches(Ljava/nio/ByteBuffer;ILjava/lang/String;I)I @ 59 c2
Event: 142.985 Thread 0x0000015cdcf22da0 DEOPT PACKING pc=0x0000015c8af7106c sp=0x0000002907ffd730
Event: 142.986 Thread 0x0000015cdcf22da0 DEOPT UNPACKING pc=0x0000015c8a6c3aa2 sp=0x0000002907ffd6a8 mode 2

Classes loaded (20 events):
Event: 134.304 Loading class sun/net/www/http/KeepAliveStreamCleaner$2
Event: 134.304 Loading class sun/net/www/http/KeepAliveStreamCleaner$2 done
Event: 134.306 Loading class sun/net/www/protocol/http/HttpURLConnection$HttpInputStream
Event: 134.306 Loading class sun/net/www/protocol/http/HttpURLConnection$HttpInputStream done
Event: 137.034 Loading class sun/net/www/http/KeepAliveCache$1
Event: 137.034 Loading class sun/net/www/http/KeepAliveCache$1 done
Event: 137.035 Loading class sun/net/www/http/KeepAliveCache$ClientVector
Event: 137.036 Loading class sun/net/www/http/KeepAliveCache$ClientVector done
Event: 137.045 Loading class sun/net/www/http/KeepAliveEntry
Event: 137.048 Loading class sun/net/www/http/KeepAliveEntry done
Event: 138.622 Loading class java/util/WeakHashMap$KeyIterator
Event: 138.622 Loading class java/util/WeakHashMap$KeyIterator done
Event: 140.737 Loading class java/util/regex/Pattern$Caret
Event: 140.737 Loading class java/util/regex/Pattern$Caret done
Event: 142.992 Loading class java/util/stream/DistinctOps
Event: 142.993 Loading class java/util/stream/DistinctOps done
Event: 142.993 Loading class java/util/stream/DistinctOps$1
Event: 142.993 Loading class java/util/stream/DistinctOps$1 done
Event: 142.994 Loading class java/util/stream/DistinctOps$1$2
Event: 142.994 Loading class java/util/stream/DistinctOps$1$2 done

Classes unloaded (7 events):
Event: 110.197 Thread 0x0000015cfed4ef10 Unloading class 0x0000015c981b4800 'java/lang/invoke/LambdaForm$MH+0x0000015c981b4800'
Event: 110.197 Thread 0x0000015cfed4ef10 Unloading class 0x0000015c981b4400 'java/lang/invoke/LambdaForm$MH+0x0000015c981b4400'
Event: 110.197 Thread 0x0000015cfed4ef10 Unloading class 0x0000015c981b4000 'java/lang/invoke/LambdaForm$MH+0x0000015c981b4000'
Event: 110.197 Thread 0x0000015cfed4ef10 Unloading class 0x0000015c981b3c00 'java/lang/invoke/LambdaForm$MH+0x0000015c981b3c00'
Event: 110.197 Thread 0x0000015cfed4ef10 Unloading class 0x0000015c981b3800 'java/lang/invoke/LambdaForm$BMH+0x0000015c981b3800'
Event: 110.197 Thread 0x0000015cfed4ef10 Unloading class 0x0000015c981b3400 'java/lang/invoke/LambdaForm$DMH+0x0000015c981b3400'
Event: 110.197 Thread 0x0000015cfed4ef10 Unloading class 0x0000015c981b2000 'java/lang/invoke/LambdaForm$DMH+0x0000015c981b2000'

Classes redefined (0 events):
No events

Internal exceptions (20 events):
Event: 137.147 Thread 0x0000015cdecf7890 Exception <a 'sun/nio/fs/WindowsException'{0x00000000d57aba88}> (0x00000000d57aba88) 
thrown [s\src\hotspot\share\prims\jni.cpp, line 520]
Event: 137.277 Thread 0x0000015cdecf5e50 Exception <a 'sun/nio/fs/WindowsException'{0x00000000d57a12d0}> (0x00000000d57a12d0) 
thrown [s\src\hotspot\share\prims\jni.cpp, line 520]
Event: 137.287 Thread 0x0000015cdecf7890 Exception <a 'sun/nio/fs/WindowsException'{0x00000000d57b0830}> (0x00000000d57b0830) 
thrown [s\src\hotspot\share\prims\jni.cpp, line 520]
Event: 137.330 Thread 0x0000015cdecf5e50 Exception <a 'sun/nio/fs/WindowsException'{0x00000000d57aa910}> (0x00000000d57aa910) 
thrown [s\src\hotspot\share\prims\jni.cpp, line 520]
Event: 137.331 Thread 0x0000015cdecf7890 Exception <a 'sun/nio/fs/WindowsException'{0x00000000d57ce2a8}> (0x00000000d57ce2a8) 
thrown [s\src\hotspot\share\prims\jni.cpp, line 520]
Event: 137.361 Thread 0x0000015cdecf5e50 Exception <a 'sun/nio/fs/WindowsException'{0x00000000d57e2480}> (0x00000000d57e2480) 
thrown [s\src\hotspot\share\prims\jni.cpp, line 520]
Event: 137.397 Thread 0x0000015cdecf7890 Exception <a 'sun/nio/fs/WindowsException'{0x00000000d57d0170}> (0x00000000d57d0170) 
thrown [s\src\hotspot\share\prims\jni.cpp, line 520]
Event: 137.409 Thread 0x0000015cdecf7890 Exception <a 'sun/nio/fs/WindowsException'{0x00000000d57f1f48}> (0x00000000d57f1f48) 
thrown [s\src\hotspot\share\prims\jni.cpp, line 520]
Event: 137.409 Thread 0x0000015cdecf5e50 Exception <a 'sun/nio/fs/WindowsException'{0x00000000d57fc3c0}> (0x00000000d57fc3c0) 
thrown [s\src\hotspot\share\prims\jni.cpp, line 520]
Event: 137.413 Thread 0x0000015cdecf7890 Exception <a 'sun/nio/fs/WindowsException'{0x00000000d57f4ad8}> (0x00000000d57f4ad8) 
thrown [s\src\hotspot\share\prims\jni.cpp, line 520]
Event: 137.416 Thread 0x0000015cdecf5e50 Exception <a 'sun/nio/fs/WindowsException'{0x00000000d5800a18}> (0x00000000d5800a18) 
thrown [s\src\hotspot\share\prims\jni.cpp, line 520]
Event: 137.417 Thread 0x0000015cdecf7890 Exception <a 'sun/nio/fs/WindowsException'{0x00000000d57f6db0}> (0x00000000d57f6db0) 
thrown [s\src\hotspot\share\prims\jni.cpp, line 520]
Event: 137.464 Thread 0x0000015cdcf22da0 Exception <a 'sun/nio/fs/WindowsException'{0x00000000d582bfe0}> (0x00000000d582bfe0) 
thrown [s\src\hotspot\share\prims\jni.cpp, line 520]
Event: 137.465 Thread 0x0000015cdecf7200 Exception <a 'sun/nio/fs/WindowsException'{0x00000000d55ecfa0}> (0x00000000d55ecfa0) 
thrown [s\src\hotspot\share\prims\jni.cpp, line 520]
Event: 138.611 Thread 0x0000015cdcf24150 Exception <a 'sun/nio/fs/WindowsException'{0x00000000d5f9ec28}> (0x00000000d5f9ec28) 
thrown [s\src\hotspot\share\prims\jni.cpp, line 520]
Event: 138.611 Thread 0x0000015cdcf24150 Exception <a 'sun/nio/fs/WindowsException'{0x00000000d5f9f528}> (0x00000000d5f9f528) 
thrown [s\src\hotspot\share\prims\jni.cpp, line 520]
Event: 138.687 Thread 0x0000015cdcf24150 Exception <a 'java/io/FileNotFoundException'{0x00000000d60d8238}> (0x00000000d60d8238) 
thrown [s\src\hotspot\share\prims\jni.cpp, line 520]
Event: 138.688 Thread 0x0000015cdcf24150 Exception <a 'java/io/FileNotFoundException'{0x00000000d60d95f0}> (0x00000000d60d95f0) 
thrown [s\src\hotspot\share\prims\jni.cpp, line 520]
Event: 138.688 Thread 0x0000015cdcf24150 Exception <a 'java/io/FileNotFoundException'{0x00000000d60da378}> (0x00000000d60da378) 
thrown [s\src\hotspot\share\prims\jni.cpp, line 520]
Event: 140.710 Thread 0x0000015cdcf22da0 Exception <a 'java/lang/NoClassDefFoundError'{0x00000000d59a2848}: org/eclipse/core/runtime/IPath> (0x00000000d59a2848) 
thrown [s\src\hotspot\share\classfile\systemDictionary.cpp, line 302]

ZGC Phase Switch (0 events):
No events

VM Operations (20 events):
Event: 137.038 Executing non-safepoint VM operation: HandshakeAllThreads (Deoptimize)
Event: 137.045 Executing non-safepoint VM operation: HandshakeAllThreads (Deoptimize) done
Event: 137.049 Executing safepoint VM operation: ParallelGCFailedAllocation (Allocation Failure)
Event: 137.068 Executing safepoint VM operation: ParallelGCFailedAllocation (Allocation Failure) done
Event: 138.068 Executing safepoint VM operation: Cleanup
Event: 138.072 Executing safepoint VM operation: Cleanup done
Event: 139.073 Executing safepoint VM operation: Cleanup
Event: 139.087 Executing safepoint VM operation: Cleanup done
Event: 139.116 Executing safepoint VM operation: ParallelGCFailedAllocation (Allocation Failure)
Event: 139.127 Executing safepoint VM operation: ParallelGCFailedAllocation (Allocation Failure) done
Event: 140.140 Executing safepoint VM operation: Cleanup
Event: 140.140 Executing safepoint VM operation: Cleanup done
Event: 140.515 Executing safepoint VM operation: ParallelGCFailedAllocation (Allocation Failure)
Event: 140.524 Executing safepoint VM operation: ParallelGCFailedAllocation (Allocation Failure) done
Event: 141.524 Executing safepoint VM operation: Cleanup
Event: 141.559 Executing safepoint VM operation: Cleanup done
Event: 142.048 Executing safepoint VM operation: ParallelGCFailedAllocation (Allocation Failure)
Event: 142.062 Executing safepoint VM operation: ParallelGCFailedAllocation (Allocation Failure) done
Event: 143.064 Executing safepoint VM operation: Cleanup
Event: 143.064 Executing safepoint VM operation: Cleanup done

Memory protections (0 events):
No events

Nmethod flushes (20 events):
Event: 123.084 Thread 0x0000015cfed4ef10 flushing  nmethod 0x0000015c83903b10
Event: 123.084 Thread 0x0000015cfed4ef10 flushing  nmethod 0x0000015c8395b610
Event: 123.084 Thread 0x0000015cfed4ef10 flushing  nmethod 0x0000015c8396af10
Event: 123.084 Thread 0x0000015cfed4ef10 flushing  nmethod 0x0000015c8396b490
Event: 123.084 Thread 0x0000015cfed4ef10 flushing  nmethod 0x0000015c83998590
Event: 123.084 Thread 0x0000015cfed4ef10 flushing  nmethod 0x0000015c839adf90
Event: 123.084 Thread 0x0000015cfed4ef10 flushing  nmethod 0x0000015c839b5c90
Event: 123.084 Thread 0x0000015cfed4ef10 flushing  nmethod 0x0000015c839bda90
Event: 123.084 Thread 0x0000015cfed4ef10 flushing  nmethod 0x0000015c839e1a90
Event: 123.084 Thread 0x0000015cfed4ef10 flushing  nmethod 0x0000015c839e1e90
Event: 123.084 Thread 0x0000015cfed4ef10 flushing  nmethod 0x0000015c839e2790
Event: 123.084 Thread 0x0000015cfed4ef10 flushing  nmethod 0x0000015c839e3990
Event: 123.084 Thread 0x0000015cfed4ef10 flushing  nmethod 0x0000015c839e5b90
Event: 123.084 Thread 0x0000015cfed4ef10 flushing  nmethod 0x0000015c839e7890
Event: 123.084 Thread 0x0000015cfed4ef10 flushing  nmethod 0x0000015c839e8d10
Event: 123.084 Thread 0x0000015cfed4ef10 flushing  nmethod 0x0000015c839e9590
Event: 123.084 Thread 0x0000015cfed4ef10 flushing  nmethod 0x0000015c839ebc90
Event: 123.084 Thread 0x0000015cfed4ef10 flushing  nmethod 0x0000015c839f4f90
Event: 123.084 Thread 0x0000015cfed4ef10 flushing  nmethod 0x0000015c839f7010
Event: 123.084 Thread 0x0000015cfed4ef10 flushing  nmethod 0x0000015c83aa4290

Events (20 events):
Event: 128.676 Thread 0x0000015cdeca7000 Thread added: 0x0000015cdecab830
Event: 128.693 Thread 0x0000015cdeca90d0 Thread added: 0x0000015cdecaab10
Event: 132.681 Thread 0x0000015cdc2c2450 Thread exited: 0x0000015cdc2c2450
Event: 132.918 Thread 0x0000015c96301430 Thread added: 0x0000015cdc2c2450
Event: 133.855 Thread 0x0000015cdcf22710 Thread added: 0x0000015cdcff1650
Event: 133.968 Thread 0x0000015cdcff1650 Thread exited: 0x0000015cdcff1650
Event: 135.069 Thread 0x0000015cdc2c2450 Thread exited: 0x0000015cdc2c2450
Event: 135.615 Thread 0x0000015c96301430 Thread added: 0x0000015cdc2c2450
Event: 136.129 Thread 0x0000015cdc2c2450 Thread exited: 0x0000015cdc2c2450
Event: 137.025 Thread 0x0000015cdcf22da0 Thread added: 0x0000015cdecf7200
Event: 137.035 Thread 0x0000015cdcf22710 Thread added: 0x0000015cdecf7f20
Event: 137.050 Thread 0x0000015cdecf7200 Thread added: 0x0000015cdecf92d0
Event: 137.070 Thread 0x0000015cdecf7200 Thread added: 0x0000015cdecf5e50
Event: 137.073 Thread 0x0000015cdecf92d0 Thread added: 0x0000015cdecf7890
Event: 137.525 Thread 0x0000015c96301430 Thread added: 0x0000015cdd05c400
Event: 137.858 Thread 0x0000015cdcf22da0 Thread added: 0x0000015cdecf6b70
Event: 137.859 Thread 0x0000015cdcf22da0 Thread added: 0x0000015cdecf64e0
Event: 138.201 Thread 0x0000015cdd05c400 Thread exited: 0x0000015cdd05c400
Event: 138.603 Thread 0x0000015c96301430 Thread added: 0x0000015cdd05c400
Event: 139.115 Thread 0x0000015cdd05c400 Thread exited: 0x0000015cdd05c400


Dynamic libraries:
0x00007ff730290000 - 0x00007ff73029e000 	c:\Users\sheby\.antigravity-ide\extensions\redhat.java-1.55.0-win32-x64\jre\21.0.11-win32-x86_64\bin\java.exe
0x00007ffaf9220000 - 0x00007ffaf9486000 	C:\Windows\SYSTEM32\ntdll.dll
0x00007ffaf72e0000 - 0x00007ffaf73a9000 	C:\Windows\System32\KERNEL32.DLL
0x00007ffaf68b0000 - 0x00007ffaf6caa000 	C:\Windows\System32\KERNELBASE.dll
0x00007ffaf6760000 - 0x00007ffaf68ac000 	C:\Windows\System32\ucrtbase.dll
0x00007ffad7d70000 - 0x00007ffad7d88000 	c:\Users\sheby\.antigravity-ide\extensions\redhat.java-1.55.0-win32-x64\jre\21.0.11-win32-x86_64\bin\jli.dll
0x00007ffaf7cf0000 - 0x00007ffaf7eb7000 	C:\Windows\System32\USER32.dll
0x00007ffaf6730000 - 0x00007ffaf6757000 	C:\Windows\System32\win32u.dll
0x00007ffaf8c80000 - 0x00007ffaf8cab000 	C:\Windows\System32\GDI32.dll
0x00007ffaf64b0000 - 0x00007ffaf65db000 	C:\Windows\System32\gdi32full.dll
0x00007ffaf6cb0000 - 0x00007ffaf6d53000 	C:\Windows\System32\msvcp_win.dll
0x00007ffac9bc0000 - 0x00007ffac9bde000 	c:\Users\sheby\.antigravity-ide\extensions\redhat.java-1.55.0-win32-x64\jre\21.0.11-win32-x86_64\bin\VCRUNTIME140.dll
0x00007ffae6fc0000 - 0x00007ffae7252000 	C:\Windows\WinSxS\amd64_microsoft.windows.common-controls_6595b64144ccf1df_6.0.26100.8521_none_3e08b75ce33403b3\COMCTL32.dll
0x00007ffaf73c0000 - 0x00007ffaf7469000 	C:\Windows\System32\msvcrt.dll
0x00007ffaf7080000 - 0x00007ffaf70b2000 	C:\Windows\System32\IMM32.DLL
0x00007ffae3670000 - 0x00007ffae367c000 	c:\Users\sheby\.antigravity-ide\extensions\redhat.java-1.55.0-win32-x64\jre\21.0.11-win32-x86_64\bin\vcruntime140_1.dll
0x00007ffac6620000 - 0x00007ffac66ad000 	c:\Users\sheby\.antigravity-ide\extensions\redhat.java-1.55.0-win32-x64\jre\21.0.11-win32-x86_64\bin\msvcp140.dll
0x00007ffac4560000 - 0x00007ffac5302000 	c:\Users\sheby\.antigravity-ide\extensions\redhat.java-1.55.0-win32-x64\jre\21.0.11-win32-x86_64\bin\server\jvm.dll
0x00007ffaf6f90000 - 0x00007ffaf7046000 	C:\Windows\System32\ADVAPI32.dll
0x00007ffaf70d0000 - 0x00007ffaf717a000 	C:\Windows\System32\sechost.dll
0x00007ffaf88d0000 - 0x00007ffaf89e8000 	C:\Windows\System32\RPCRT4.dll
0x00007ffaf76d0000 - 0x00007ffaf7750000 	C:\Windows\System32\WS2_32.dll
0x00007ffaf6330000 - 0x00007ffaf638e000 	C:\Windows\SYSTEM32\POWRPROF.dll
0x00007ffae7490000 - 0x00007ffae74c6000 	C:\Windows\SYSTEM32\WINMM.dll
0x00007ffae4a20000 - 0x00007ffae4a2b000 	C:\Windows\SYSTEM32\VERSION.dll
0x00007ffaf62f0000 - 0x00007ffaf6304000 	C:\Windows\SYSTEM32\UMPDC.dll
0x00007ffaf5240000 - 0x00007ffaf525b000 	C:\Windows\SYSTEM32\kernel.appcore.dll
0x00007ffae2620000 - 0x00007ffae262a000 	c:\Users\sheby\.antigravity-ide\extensions\redhat.java-1.55.0-win32-x64\jre\21.0.11-win32-x86_64\bin\jimage.dll
0x00007ffae2c70000 - 0x00007ffae2eb2000 	C:\Windows\SYSTEM32\DBGHELP.DLL
0x00007ffaf8d60000 - 0x00007ffaf90e3000 	C:\Windows\System32\combase.dll
0x00007ffaf8060000 - 0x00007ffaf8139000 	C:\Windows\System32\OLEAUT32.dll
0x00007ffae5d30000 - 0x00007ffae5d6b000 	C:\Windows\SYSTEM32\dbgcore.DLL
0x00007ffaf6d60000 - 0x00007ffaf6e08000 	C:\Windows\System32\bcryptPrimitives.dll
0x00007ffae00c0000 - 0x00007ffae00cf000 	c:\Users\sheby\.antigravity-ide\extensions\redhat.java-1.55.0-win32-x64\jre\21.0.11-win32-x86_64\bin\instrument.dll
0x00007ffac96a0000 - 0x00007ffac96c0000 	c:\Users\sheby\.antigravity-ide\extensions\redhat.java-1.55.0-win32-x64\jre\21.0.11-win32-x86_64\bin\java.dll
0x00007ffaf8140000 - 0x00007ffaf88c4000 	C:\Windows\System32\SHELL32.dll
0x00007ffaf40b0000 - 0x00007ffaf4930000 	C:\Windows\SYSTEM32\windows.storage.dll
0x00007ffaf7bf0000 - 0x00007ffaf7ce6000 	C:\Windows\System32\SHCORE.dll
0x00007ffaf8a70000 - 0x00007ffaf8ad7000 	C:\Windows\System32\shlwapi.dll
0x00007ffaf63d0000 - 0x00007ffaf63f9000 	C:\Windows\SYSTEM32\profapi.dll
0x00007ffac6550000 - 0x00007ffac6568000 	c:\Users\sheby\.antigravity-ide\extensions\redhat.java-1.55.0-win32-x64\jre\21.0.11-win32-x86_64\bin\zip.dll
0x00007ffae37e0000 - 0x00007ffae37f0000 	C:\Users\sheby\.antigravity-ide\extensions\redhat.java-1.55.0-win32-x64\jre\21.0.11-win32-x86_64\bin\net.dll
0x00007ffaec450000 - 0x00007ffaec579000 	C:\Windows\SYSTEM32\WINHTTP.dll
0x00007ffaf57b0000 - 0x00007ffaf581c000 	C:\Windows\system32\mswsock.dll
0x00007ffac6530000 - 0x00007ffac6546000 	C:\Users\sheby\.antigravity-ide\extensions\redhat.java-1.55.0-win32-x64\jre\21.0.11-win32-x86_64\bin\nio.dll
0x00007ffadb000000 - 0x00007ffadb010000 	c:\Users\sheby\.antigravity-ide\extensions\redhat.java-1.55.0-win32-x64\jre\21.0.11-win32-x86_64\bin\verify.dll
0x00007ffac66d0000 - 0x00007ffac6715000 	C:\Users\sheby\AppData\Roaming\Antigravity IDE\User\globalStorage\redhat.java\1.55.0\config_win\org.eclipse.equinox.launcher\org.eclipse.equinox.launcher.win32.win32.x86_64_1.3.100.v20260613-0559\eclipse_11924.dll
0x00007ffaf7ec0000 - 0x00007ffaf8058000 	C:\Windows\System32\ole32.dll
0x00007ffaf5a90000 - 0x00007ffaf5aab000 	C:\Windows\SYSTEM32\CRYPTSP.dll
0x00007ffaf51a0000 - 0x00007ffaf51d9000 	C:\Windows\system32\rsaenh.dll
0x00007ffaf5860000 - 0x00007ffaf5893000 	C:\Windows\SYSTEM32\USERENV.dll
0x00007ffaf63a0000 - 0x00007ffaf63ca000 	C:\Windows\SYSTEM32\bcrypt.dll
0x00007ffaf5ab0000 - 0x00007ffaf5abc000 	C:\Windows\SYSTEM32\CRYPTBASE.dll
0x00007ffaf4c40000 - 0x00007ffaf4c73000 	C:\Windows\SYSTEM32\IPHLPAPI.DLL
0x00007ffaf91d0000 - 0x00007ffaf91da000 	C:\Windows\System32\NSI.dll
0x00007ffac3590000 - 0x00007ffac35d9000 	C:\Users\sheby\AppData\Local\Temp\jna-109403399\jna1455810181897081214.dll
0x00007ffaf73b0000 - 0x00007ffaf73b8000 	C:\Windows\System32\PSAPI.DLL
0x00007ffaec660000 - 0x00007ffaec67d000 	C:\Windows\SYSTEM32\dhcpcsvc6.DLL
0x00007ffaec3c0000 - 0x00007ffaec3e5000 	C:\Windows\SYSTEM32\dhcpcsvc.DLL
0x00007ffae5d10000 - 0x00007ffae5d1e000 	C:\Users\sheby\.antigravity-ide\extensions\redhat.java-1.55.0-win32-x64\jre\21.0.11-win32-x86_64\bin\sunmscapi.dll
0x00007ffaf6e10000 - 0x00007ffaf6f88000 	C:\Windows\System32\CRYPT32.dll
0x00007ffaf5cb0000 - 0x00007ffaf5ce0000 	C:\Windows\SYSTEM32\ncrypt.dll
0x00007ffaf5c60000 - 0x00007ffaf5c9f000 	C:\Windows\SYSTEM32\NTASN1.dll
0x00007ffaf4cd0000 - 0x00007ffaf4e1a000 	C:\Windows\SYSTEM32\DNSAPI.dll
0x00007ffaf55b0000 - 0x00007ffaf55bd000 	C:\Windows\SYSTEM32\DSPARSE.dll
0x00007ffae7680000 - 0x00007ffae768b000 	C:\Windows\System32\rasadhlp.dll
0x00007ffaea830000 - 0x00007ffaea8b6000 	C:\Windows\System32\fwpuclnt.dll
0x00007ffadac60000 - 0x00007ffadac69000 	C:\Users\sheby\.antigravity-ide\extensions\redhat.java-1.55.0-win32-x64\jre\21.0.11-win32-x86_64\bin\extnet.dll

JVMTI agents:
c:\Users\sheby\.antigravity-ide\extensions\redhat.java-1.55.0-win32-x64\lombok\lombok-1.18.39-4050.jar path:c:\Users\sheby\.antigravity-ide\extensions\redhat.java-1.55.0-win32-x64\jre\21.0.11-win32-x86_64\bin\instrument.dll, loaded, initialized, instrumentlib options:none

dbghelp: loaded successfully - version: 4.0.5 - missing functions: none
symbol engine: initialized successfully - sym options: 0x614 - pdb path: .;c:\Users\sheby\.antigravity-ide\extensions\redhat.java-1.55.0-win32-x64\jre\21.0.11-win32-x86_64\bin;C:\Windows\SYSTEM32;C:\Windows\WinSxS\amd64_microsoft.windows.common-controls_6595b64144ccf1df_6.0.26100.8521_none_3e08b75ce33403b3;c:\Users\sheby\.antigravity-ide\extensions\redhat.java-1.55.0-win32-x64\jre\21.0.11-win32-x86_64\bin\server;C:\Users\sheby\AppData\Roaming\Antigravity IDE\User\globalStorage\redhat.java\1.55.0\config_win\org.eclipse.equinox.launcher\org.eclipse.equinox.launcher.win32.win32.x86_64_1.3.100.v20260613-0559;C:\Users\sheby\AppData\Local\Temp\jna-109403399

VM Arguments:
jvm_args: --add-modules=ALL-SYSTEM --add-opens=java.base/java.util=ALL-UNNAMED --add-opens=java.base/java.lang=ALL-UNNAMED --add-opens=java.base/sun.nio.fs=ALL-UNNAMED -Declipse.application=org.eclipse.jdt.ls.core.id1 -Dosgi.bundles.defaultStartLevel=4 -Declipse.product=org.eclipse.jdt.ls.core.product -Djava.import.generatesMetadataFilesAtProjectRoot=false -DDetectVMInstallationsJob.disabled=true -Dfile.encoding=utf8 -XX:+UseParallelGC -XX:GCTimeRatio=4 -XX:AdaptiveSizePolicyWeight=90 -Dsun.zip.disableMemoryMapping=true -Xmx2G -Xms100m -Xlog:disable -javaagent:c:\Users\sheby\.antigravity-ide\extensions\redhat.java-1.55.0-win32-x64\lombok\lombok-1.18.39-4050.jar -XX:+HeapDumpOnOutOfMemoryError -XX:HeapDumpPath=c:\Users\sheby\AppData\Roaming\Antigravity IDE\User\workspaceStorage\807e66dc253d521f8b719599702dc12f\redhat.java -Daether.dependencyCollector.impl=bf 
java_command: c:\Users\sheby\.antigravity-ide\extensions\redhat.java-1.55.0-win32-x64\server\plugins\org.eclipse.equinox.launcher_1.7.200.v20260619-2039.jar -configuration c:\Users\sheby\AppData\Roaming\Antigravity IDE\User\globalStorage\redhat.java\1.55.0\config_win -data c:\Users\sheby\AppData\Roaming\Antigravity IDE\User\workspaceStorage\807e66dc253d521f8b719599702dc12f\redhat.java\jdt_ws --pipe=\\.\pipe\lsp-e2106955504582f9737703206a3c0aa2-sock
java_class_path (initial): c:\Users\sheby\.antigravity-ide\extensions\redhat.java-1.55.0-win32-x64\server\plugins\org.eclipse.equinox.launcher_1.7.200.v20260619-2039.jar
Launcher Type: SUN_STANDARD

[Global flags]
    uintx AdaptiveSizePolicyWeight                 = 90                                        {product} {command line}
     intx CICompilerCount                          = 3                                         {product} {ergonomic}
    uintx GCTimeRatio                              = 4                                         {product} {command line}
     bool HeapDumpOnOutOfMemoryError               = true                                   {manageable} {command line}
    ccstr HeapDumpPath                             = c:\Users\sheby\AppData\Roaming\Antigravity IDE\User\workspaceStorage\807e66dc253d521f8b719599702dc12f\redhat.java         {manageable} {command line}
   size_t InitialHeapSize                          = 104857600                                 {product} {command line}
   size_t MaxHeapSize                              = 2147483648                                {product} {command line}
   size_t MaxNewSize                               = 715653120                                 {product} {ergonomic}
   size_t MinHeapDeltaBytes                        = 524288                                    {product} {ergonomic}
   size_t MinHeapSize                              = 104857600                                 {product} {command line}
   size_t NewSize                                  = 34603008                                  {product} {ergonomic}
    uintx NonNMethodCodeHeapSize                   = 5832780                                {pd product} {ergonomic}
    uintx NonProfiledCodeHeapSize                  = 122912730                              {pd product} {ergonomic}
   size_t OldSize                                  = 70254592                                  {product} {ergonomic}
    uintx ProfiledCodeHeapSize                     = 122912730                              {pd product} {ergonomic}
    uintx ReservedCodeCacheSize                    = 251658240                              {pd product} {ergonomic}
     bool SegmentedCodeCache                       = true                                      {product} {ergonomic}
   size_t SoftMaxHeapSize                          = 2147483648                             {manageable} {ergonomic}
     bool UseCompressedOops                        = true                           {product lp64_product} {ergonomic}
     bool UseLargePagesIndividualAllocation        = false                                  {pd product} {ergonomic}
     bool UseParallelGC                            = true                                      {product} {command line}

Logging:
Log output configuration:
 #0: stdout all=off uptime,level,tags foldmultilines=false
 #1: stderr all=off uptime,level,tags foldmultilines=false

Release file:
JAVA_VERSION="21.0.11" 
MODULES="java.base java.compiler java.datatransfer java.xml java.prefs java.desktop java.instrument java.logging java.management java.security.sasl java.naming java.rmi java.management.rmi java.net.http java.scripting java.security.jgss java.transaction.xa java.sql java.sql.rowset java.xml.crypto java.se java.smartcardio jdk.accessibility jdk.internal.jvmstat jdk.attach jdk.charsets jdk.internal.opt jdk.zipfs jdk.compiler jdk.crypto.ec jdk.crypto.cryptoki jdk.crypto.mscapi jdk.dynalink jdk.internal.ed jdk.editpad jdk.hotspot.agent jdk.httpserver jdk.internal.le jdk.internal.vm.ci jdk.internal.vm.compiler jdk.internal.vm.compiler.management jdk.jartool jdk.javadoc jdk.jcmd jdk.management jdk.management.agent jdk.jconsole jdk.jdeps jdk.jdwp.agent jdk.jdi jdk.jfr jdk.jshell jdk.jsobject jdk.jstatd jdk.localedata jdk.management.jfr jdk.naming.dns jdk.naming.rmi jdk.net jdk.nio.mapmode jdk.random jdk.sctp jdk.security.auth jdk.security.jgss jdk.unsupported jdk.unsupported.desktop jdk.xml.dom" 

Environment Variables:
JAVA_HOME=C:\Program Files\Java\jdk-21.0.11
PATH=C:\Python314\Scripts\;C:\Python314\;C:\Program Files\Common Files\Oracle\Java\javapath;C:\Windows\system32;C:\Windows;C:\Windows\System32\Wbem;C:\Windows\System32\WindowsPowerShell\v1.0\;C:\Windows\System32\OpenSSH\;C:\Program Files\nodejs\;C:\ProgramData\chocolatey\bin;C:\Program Files\Git\cmd;C:\Program Files\Java\jdk-21.0.11\bin;C:\tools\apache-maven-3.9.15\bin;C:\Users\sheby\AppData\Local\Microsoft\WindowsApps;C:\Users\sheby\AppData\Local\Programs\Microsoft VS Code\bin;C:\Users\sheby\AppData\Roaming\npm;C:\Users\sheby\AppData\Local\Programs\Antigravity\bin;C:\Users\sheby\AppData\Local\Programs\Kiro\bin;C:\Users\sheby\AppData\Local\Programs\Antigravity IDE\bin;C:\Exercism;C:\Users\sheby\AppData\Local\Programs\cursor\resources\app\bin;C:\Users\sheby\.bun\bin
USERNAME=sheby
OS=Windows_NT
PROCESSOR_IDENTIFIER=Intel64 Family 6 Model 61 Stepping 4, GenuineIntel
TMP=C:\Users\sheby\AppData\Local\Temp
TEMP=C:\Users\sheby\AppData\Local\Temp




Periodic native trim disabled

---------------  S Y S T E M  ---------------

OS:
 Windows 11 , 64 bit Build 26100 (10.0.26100.8521)
OS uptime: 2 days 19:08 hours

CPU: total 4 (initial active 4) (2 cores per cpu, 2 threads per core) family 6 model 61 stepping 4 microcode 0x2f, cx8, cmov, fxsr, ht, mmx, 3dnowpref, sse, sse2, sse3, ssse3, sse4.1, sse4.2, popcnt, lzcnt, tsc, tscinvbit, avx, avx2, aes, erms, clmul, bmi1, bmi2, rtm, adx, fma, vzeroupper, clflush, rdtscp, f16c
Processor Information for the first 4 processors :
  Max Mhz: 1401, Current Mhz: 1200, Mhz Limit: 1190

Memory: 4k page, system-wide physical 8099M (575M free)
TotalPageFile size 22881M (AvailPageFile size 6M)
current process WorkingSet (physical memory assigned to process): 240M, peak: 256M
current process commit charge ("private bytes"): 311M, peak: 348M

vm_info: OpenJDK 64-Bit Server VM (21.0.11+10-LTS) for windows-amd64 JRE (21.0.11+10-LTS), built on 2026-04-21T00:00:00Z by "admin" with MS VC++ 17.12 (VS2022)

END.
